[0.068s] Invoking command in '/home/jazib-manzoor/ros2_ws/build/my_robot_interfaces': CMAKE_PREFIX_PATH=${CMAKE_PREFIX_PATH}:/home/jazib-manzoor/ros2_ws/install/tf2_learning:/home/jazib-manzoor/ros2_ws/install/robot_description:/home/jazib-manzoor/ros2_ws/install/my_first_robot:/home/jazib-manzoor/ros2_ws/install/cmd_vel_bridge:/home/jazib-manzoor/ros2_ws/install/ble_localization:/opt/ros/jazzy DEBUGINFOD_URLS=https://debuginfod.ubuntu.com /usr/bin/cmake --build /home/jazib-manzoor/ros2_ws/build/my_robot_interfaces -- -j12 -l12
[1.277s] [  5%] Built target my_robot_interfaces__rs
[1.278s] [  5%] Built target my_robot_interfaces__rosidl_generator_type_description
[1.278s] [  5%] Built target ament_cmake_python_symlink_my_robot_interfaces
[1.279s] [ 17%] Built target my_robot_interfaces__cpp
[1.280s] [ 22%] Built target my_robot_interfaces__rosidl_generator_c
[1.280s] [ 31%] Built target my_robot_interfaces__rosidl_typesupport_c
[1.281s] [ 40%] Built target my_robot_interfaces__rosidl_typesupport_fastrtps_c
[1.281s] [ 48%] Built target my_robot_interfaces__rosidl_typesupport_introspection_c
[1.281s] [ 62%] Built target my_robot_interfaces__rosidl_typesupport_introspection_cpp
[1.282s] [ 74%] Built target my_robot_interfaces__rosidl_typesupport_cpp
[1.282s] [ 74%] Built target my_robot_interfaces__rosidl_typesupport_fastrtps_cpp
[1.282s] [ 74%] Built target my_robot_interfaces
[1.282s] [ 77%] Built target my_robot_interfaces__py
[1.282s] [ 82%] Built target my_robot_interfaces__rosidl_generator_py
[1.282s] [ 94%] Built target my_robot_interfaces_s__rosidl_typesupport_fastrtps_c
[1.282s] [ 94%] Built target my_robot_interfaces_s__rosidl_typesupport_introspection_c
[1.282s] [100%] Built target my_robot_interfaces_s__rosidl_typesupport_c
[1.283s] running egg_info
[1.283s] writing my_robot_interfaces.egg-info/PKG-INFO
[1.283s] writing dependency_links to my_robot_interfaces.egg-info/dependency_links.txt
[1.283s] writing top-level names to my_robot_interfaces.egg-info/top_level.txt
[1.283s] reading manifest file 'my_robot_interfaces.egg-info/SOURCES.txt'
[1.283s] writing manifest file 'my_robot_interfaces.egg-info/SOURCES.txt'
[1.283s] [100%] Built target ament_cmake_python_build_my_robot_interfaces_egg
[1.284s] Invoked command in '/home/jazib-manzoor/ros2_ws/build/my_robot_interfaces' returned '0': CMAKE_PREFIX_PATH=${CMAKE_PREFIX_PATH}:/home/jazib-manzoor/ros2_ws/install/tf2_learning:/home/jazib-manzoor/ros2_ws/install/robot_description:/home/jazib-manzoor/ros2_ws/install/my_first_robot:/home/jazib-manzoor/ros2_ws/install/cmd_vel_bridge:/home/jazib-manzoor/ros2_ws/install/ble_localization:/opt/ros/jazzy DEBUGINFOD_URLS=https://debuginfod.ubuntu.com /usr/bin/cmake --build /home/jazib-manzoor/ros2_ws/build/my_robot_interfaces -- -j12 -l12
[1.300s] Invoking command in '/home/jazib-manzoor/ros2_ws/build/my_robot_interfaces': CMAKE_PREFIX_PATH=${CMAKE_PREFIX_PATH}:/home/jazib-manzoor/ros2_ws/install/tf2_learning:/home/jazib-manzoor/ros2_ws/install/robot_description:/home/jazib-manzoor/ros2_ws/install/my_first_robot:/home/jazib-manzoor/ros2_ws/install/cmd_vel_bridge:/home/jazib-manzoor/ros2_ws/install/ble_localization:/opt/ros/jazzy DEBUGINFOD_URLS=https://debuginfod.ubuntu.com /usr/bin/cmake --install /home/jazib-manzoor/ros2_ws/build/my_robot_interfaces
[1.689s] -- Install configuration: ""
[1.689s] -- Execute custom install script
[1.690s] -- Up-to-date symlink: /home/jazib-manzoor/ros2_ws/install/my_robot_interfaces/share/ament_index/resource_index/rosidl_interfaces/my_robot_interfaces
[1.690s] -- Up-to-date symlink: /home/jazib-manzoor/ros2_ws/install/my_robot_interfaces/share/my_robot_interfaces/action/CountUntil.json
[1.691s] -- Up-to-date symlink: /home/jazib-manzoor/ros2_ws/install/my_robot_interfaces/include/my_robot_interfaces/my_robot_interfaces/action/count_until.h
[1.692s] -- Up-to-date symlink: /home/jazib-manzoor/ros2_ws/install/my_robot_interfaces/include/my_robot_interfaces/my_robot_interfaces/action/detail/count_until__functions.h
[1.692s] -- Up-to-date symlink: /home/jazib-manzoor/ros2_ws/install/my_robot_interfaces/include/my_robot_interfaces/my_robot_interfaces/action/detail/count_until__struct.h
[1.692s] -- Up-to-date symlink: /home/jazib-manzoor/ros2_ws/install/my_robot_interfaces/include/my_robot_interfaces/my_robot_interfaces/action/detail/count_until__type_support.h
[1.693s] -- Up-to-date symlink: /home/jazib-manzoor/ros2_ws/install/my_robot_interfaces/include/my_robot_interfaces/my_robot_interfaces/msg/rosidl_generator_c__visibility_control.h
[1.693s] -- Up-to-date symlink: /home/jazib-manzoor/ros2_ws/install/my_robot_interfaces/share/my_robot_interfaces/environment/library_path.sh
[1.694s] -- Up-to-date symlink: /home/jazib-manzoor/ros2_ws/install/my_robot_interfaces/share/my_robot_interfaces/environment/library_path.dsv
[1.695s] -- Up-to-date symlink: /home/jazib-manzoor/ros2_ws/install/my_robot_interfaces/include/my_robot_interfaces/my_robot_interfaces/action/detail/count_until__rosidl_typesupport_fastrtps_c.h
[1.695s] -- Up-to-date symlink: /home/jazib-manzoor/ros2_ws/install/my_robot_interfaces/include/my_robot_interfaces/my_robot_interfaces/msg/rosidl_typesupport_fastrtps_c__visibility_control.h
[1.696s] -- Up-to-date symlink: /home/jazib-manzoor/ros2_ws/install/my_robot_interfaces/include/my_robot_interfaces/my_robot_interfaces/action/detail/count_until__rosidl_typesupport_introspection_c.h
[1.696s] -- Up-to-date symlink: /home/jazib-manzoor/ros2_ws/install/my_robot_interfaces/include/my_robot_interfaces/my_robot_interfaces/msg/rosidl_typesupport_introspection_c__visibility_control.h
[1.697s] -- Up-to-date symlink: /home/jazib-manzoor/ros2_ws/install/my_robot_interfaces/include/my_robot_interfaces/my_robot_interfaces/action/count_until.hpp
[1.697s] -- Up-to-date symlink: /home/jazib-manzoor/ros2_ws/install/my_robot_interfaces/include/my_robot_interfaces/my_robot_interfaces/action/detail/count_until__builder.hpp
[1.698s] -- Up-to-date symlink: /home/jazib-manzoor/ros2_ws/install/my_robot_interfaces/include/my_robot_interfaces/my_robot_interfaces/action/detail/count_until__struct.hpp
[1.698s] -- Up-to-date symlink: /home/jazib-manzoor/ros2_ws/install/my_robot_interfaces/include/my_robot_interfaces/my_robot_interfaces/action/detail/count_until__traits.hpp
[1.699s] -- Up-to-date symlink: /home/jazib-manzoor/ros2_ws/install/my_robot_interfaces/include/my_robot_interfaces/my_robot_interfaces/action/detail/count_until__type_support.hpp
[1.699s] -- Up-to-date symlink: /home/jazib-manzoor/ros2_ws/install/my_robot_interfaces/include/my_robot_interfaces/my_robot_interfaces/msg/rosidl_generator_cpp__visibility_control.hpp
[1.700s] -- Up-to-date symlink: /home/jazib-manzoor/ros2_ws/install/my_robot_interfaces/include/my_robot_interfaces/my_robot_interfaces/action/detail/count_until__rosidl_typesupport_fastrtps_cpp.hpp
[1.702s] -- Up-to-date symlink: /home/jazib-manzoor/ros2_ws/install/my_robot_interfaces/include/my_robot_interfaces/my_robot_interfaces/msg/rosidl_typesupport_fastrtps_cpp__visibility_control.h
[1.702s] -- Up-to-date symlink: /home/jazib-manzoor/ros2_ws/install/my_robot_interfaces/include/my_robot_interfaces/my_robot_interfaces/action/detail/count_until__rosidl_typesupport_introspection_cpp.hpp
[1.702s] -- Up-to-date symlink: /home/jazib-manzoor/ros2_ws/install/my_robot_interfaces/share/my_robot_interfaces/environment/pythonpath.sh
[1.702s] -- Up-to-date symlink: /home/jazib-manzoor/ros2_ws/install/my_robot_interfaces/share/my_robot_interfaces/environment/pythonpath.dsv
[1.703s] -- Up-to-date symlink: /home/jazib-manzoor/ros2_ws/install/my_robot_interfaces/lib/python3.12/site-packages/my_robot_interfaces-0.0.0-py3.12.egg-info/PKG-INFO
[1.703s] -- Up-to-date symlink: /home/jazib-manzoor/ros2_ws/install/my_robot_interfaces/lib/python3.12/site-packages/my_robot_interfaces-0.0.0-py3.12.egg-info/SOURCES.txt
[1.703s] -- Up-to-date symlink: /home/jazib-manzoor/ros2_ws/install/my_robot_interfaces/lib/python3.12/site-packages/my_robot_interfaces-0.0.0-py3.12.egg-info/dependency_links.txt
[1.703s] -- Up-to-date symlink: /home/jazib-manzoor/ros2_ws/install/my_robot_interfaces/lib/python3.12/site-packages/my_robot_interfaces-0.0.0-py3.12.egg-info/top_level.txt
[1.704s] -- Up-to-date symlink: /home/jazib-manzoor/ros2_ws/install/my_robot_interfaces/lib/python3.12/site-packages/my_robot_interfaces/__init__.py
[1.704s] -- Up-to-date symlink: /home/jazib-manzoor/ros2_ws/install/my_robot_interfaces/lib/python3.12/site-packages/my_robot_interfaces/_my_robot_interfaces_s.ep.rosidl_typesupport_c.c
[1.704s] -- Up-to-date symlink: /home/jazib-manzoor/ros2_ws/install/my_robot_interfaces/lib/python3.12/site-packages/my_robot_interfaces/_my_robot_interfaces_s.ep.rosidl_typesupport_fastrtps_c.c
[1.705s] -- Up-to-date symlink: /home/jazib-manzoor/ros2_ws/install/my_robot_interfaces/lib/python3.12/site-packages/my_robot_interfaces/_my_robot_interfaces_s.ep.rosidl_typesupport_introspection_c.c
[1.705s] -- Up-to-date symlink: /home/jazib-manzoor/ros2_ws/install/my_robot_interfaces/lib/python3.12/site-packages/my_robot_interfaces/action/__init__.py
[1.705s] -- Up-to-date symlink: /home/jazib-manzoor/ros2_ws/install/my_robot_interfaces/lib/python3.12/site-packages/my_robot_interfaces/action/_count_until.py
[1.705s] -- Up-to-date symlink: /home/jazib-manzoor/ros2_ws/install/my_robot_interfaces/lib/python3.12/site-packages/my_robot_interfaces/action/_count_until_s.c
[1.706s] -- Up-to-date symlink: /home/jazib-manzoor/ros2_ws/install/my_robot_interfaces/lib/python3.12/site-packages/my_robot_interfaces/my_robot_interfaces_s__rosidl_typesupport_c.so
[1.706s] -- Up-to-date symlink: /home/jazib-manzoor/ros2_ws/install/my_robot_interfaces/lib/python3.12/site-packages/my_robot_interfaces/my_robot_interfaces_s__rosidl_typesupport_fastrtps_c.so
[1.707s] -- Up-to-date symlink: /home/jazib-manzoor/ros2_ws/install/my_robot_interfaces/lib/python3.12/site-packages/my_robot_interfaces/my_robot_interfaces_s__rosidl_typesupport_introspection_c.so
[1.707s] -- Up-to-date symlink: /home/jazib-manzoor/ros2_ws/install/my_robot_interfaces/lib/python3.12/site-packages/my_robot_interfaces/my_robot_interfaces_s__rosidl_typesupport_fastrtps_c.so
[1.707s] -- Up-to-date symlink: /home/jazib-manzoor/ros2_ws/install/my_robot_interfaces/lib/python3.12/site-packages/my_robot_interfaces/my_robot_interfaces_s__rosidl_typesupport_introspection_c.so
[1.707s] -- Up-to-date symlink: /home/jazib-manzoor/ros2_ws/install/my_robot_interfaces/lib/python3.12/site-packages/my_robot_interfaces/my_robot_interfaces_s__rosidl_typesupport_c.so
[1.708s] -- Up-to-date symlink: /home/jazib-manzoor/ros2_ws/install/my_robot_interfaces/share/ament_index/resource_index/rust_packages/my_robot_interfaces
[1.708s] -- Up-to-date symlink: /home/jazib-manzoor/ros2_ws/install/my_robot_interfaces/share/my_robot_interfaces/rust/Cargo.toml
[1.708s] -- Up-to-date symlink: /home/jazib-manzoor/ros2_ws/install/my_robot_interfaces/share/my_robot_interfaces/rust/build.rs
[1.708s] -- Up-to-date symlink: /home/jazib-manzoor/ros2_ws/install/my_robot_interfaces/share/my_robot_interfaces/rust/src/action.rs
[1.709s] -- Up-to-date symlink: /home/jazib-manzoor/ros2_ws/install/my_robot_interfaces/share/my_robot_interfaces/rust/src/action/rmw.rs
[1.709s] -- Up-to-date symlink: /home/jazib-manzoor/ros2_ws/install/my_robot_interfaces/share/my_robot_interfaces/rust/src/lib.rs
[1.709s] -- Up-to-date symlink: /home/jazib-manzoor/ros2_ws/install/my_robot_interfaces/share/my_robot_interfaces/action/CountUntil.idl
[1.710s] -- Up-to-date symlink: /home/jazib-manzoor/ros2_ws/install/my_robot_interfaces/share/my_robot_interfaces/action/CountUntil.action
[1.710s] -- Up-to-date symlink: /home/jazib-manzoor/ros2_ws/install/my_robot_interfaces/share/ament_index/resource_index/package_run_dependencies/my_robot_interfaces
[1.710s] -- Up-to-date symlink: /home/jazib-manzoor/ros2_ws/install/my_robot_interfaces/share/ament_index/resource_index/parent_prefix_path/my_robot_interfaces
[1.710s] -- Up-to-date symlink: /home/jazib-manzoor/ros2_ws/install/my_robot_interfaces/share/my_robot_interfaces/environment/ament_prefix_path.sh
[1.711s] -- Up-to-date symlink: /home/jazib-manzoor/ros2_ws/install/my_robot_interfaces/share/my_robot_interfaces/environment/ament_prefix_path.dsv
[1.712s] -- Up-to-date symlink: /home/jazib-manzoor/ros2_ws/install/my_robot_interfaces/share/my_robot_interfaces/environment/path.sh
[1.712s] -- Up-to-date symlink: /home/jazib-manzoor/ros2_ws/install/my_robot_interfaces/share/my_robot_interfaces/environment/path.dsv
[1.712s] -- Up-to-date symlink: /home/jazib-manzoor/ros2_ws/install/my_robot_interfaces/share/my_robot_interfaces/local_setup.bash
[1.713s] -- Up-to-date symlink: /home/jazib-manzoor/ros2_ws/install/my_robot_interfaces/share/my_robot_interfaces/local_setup.sh
[1.713s] -- Up-to-date symlink: /home/jazib-manzoor/ros2_ws/install/my_robot_interfaces/share/my_robot_interfaces/local_setup.zsh
[1.713s] -- Up-to-date symlink: /home/jazib-manzoor/ros2_ws/install/my_robot_interfaces/share/my_robot_interfaces/local_setup.dsv
[1.714s] -- Symlinking: /home/jazib-manzoor/ros2_ws/install/my_robot_interfaces/share/my_robot_interfaces/package.dsv
[1.714s] -- Up-to-date symlink: /home/jazib-manzoor/ros2_ws/install/my_robot_interfaces/share/ament_index/resource_index/packages/my_robot_interfaces
[1.715s] -- Up-to-date symlink: /home/jazib-manzoor/ros2_ws/install/my_robot_interfaces/share/my_robot_interfaces/cmake/rosidl_cmake-extras.cmake
[1.716s] -- Up-to-date symlink: /home/jazib-manzoor/ros2_ws/install/my_robot_interfaces/share/my_robot_interfaces/cmake/ament_cmake_export_dependencies-extras.cmake
[1.716s] -- Up-to-date symlink: /home/jazib-manzoor/ros2_ws/install/my_robot_interfaces/share/my_robot_interfaces/cmake/ament_cmake_export_include_directories-extras.cmake
[1.716s] -- Up-to-date symlink: /home/jazib-manzoor/ros2_ws/install/my_robot_interfaces/share/my_robot_interfaces/cmake/ament_cmake_export_libraries-extras.cmake
[1.716s] -- Up-to-date symlink: /home/jazib-manzoor/ros2_ws/install/my_robot_interfaces/share/my_robot_interfaces/cmake/ament_cmake_export_targets-extras.cmake
[1.717s] -- Up-to-date symlink: /home/jazib-manzoor/ros2_ws/install/my_robot_interfaces/share/my_robot_interfaces/cmake/rosidl_cmake_export_typesupport_targets-extras.cmake
[1.717s] -- Up-to-date symlink: /home/jazib-manzoor/ros2_ws/install/my_robot_interfaces/share/my_robot_interfaces/cmake/rosidl_cmake_export_typesupport_libraries-extras.cmake
[1.717s] -- Up-to-date symlink: /home/jazib-manzoor/ros2_ws/install/my_robot_interfaces/share/my_robot_interfaces/cmake/rosidl_cmake_aggregate_target-extras.cmake
[1.717s] -- Up-to-date symlink: /home/jazib-manzoor/ros2_ws/install/my_robot_interfaces/share/my_robot_interfaces/cmake/my_robot_interfacesConfig.cmake
[1.717s] -- Up-to-date symlink: /home/jazib-manzoor/ros2_ws/install/my_robot_interfaces/share/my_robot_interfaces/cmake/my_robot_interfacesConfig-version.cmake
[1.718s] -- Up-to-date symlink: /home/jazib-manzoor/ros2_ws/install/my_robot_interfaces/share/my_robot_interfaces/package.xml
[1.718s] -- Up-to-date: /home/jazib-manzoor/ros2_ws/install/my_robot_interfaces/lib/libmy_robot_interfaces__rosidl_generator_c.so
[1.719s] -- Up-to-date: /home/jazib-manzoor/ros2_ws/install/my_robot_interfaces/lib/libmy_robot_interfaces__rosidl_typesupport_fastrtps_c.so
[1.719s] -- Up-to-date: /home/jazib-manzoor/ros2_ws/install/my_robot_interfaces/lib/libmy_robot_interfaces__rosidl_typesupport_introspection_c.so
[1.719s] -- Up-to-date: /home/jazib-manzoor/ros2_ws/install/my_robot_interfaces/lib/libmy_robot_interfaces__rosidl_typesupport_c.so
[1.720s] -- Up-to-date: /home/jazib-manzoor/ros2_ws/install/my_robot_interfaces/lib/libmy_robot_interfaces__rosidl_typesupport_fastrtps_cpp.so
[1.721s] -- Up-to-date: /home/jazib-manzoor/ros2_ws/install/my_robot_interfaces/lib/libmy_robot_interfaces__rosidl_typesupport_introspection_cpp.so
[1.722s] -- Up-to-date: /home/jazib-manzoor/ros2_ws/install/my_robot_interfaces/lib/libmy_robot_interfaces__rosidl_typesupport_cpp.so
[1.722s] Listing '/home/jazib-manzoor/ros2_ws/install/my_robot_interfaces/lib/python3.12/site-packages/my_robot_interfaces'...
[1.723s] Listing '/home/jazib-manzoor/ros2_ws/install/my_robot_interfaces/lib/python3.12/site-packages/my_robot_interfaces/action'...
[1.723s] -- Up-to-date: /home/jazib-manzoor/ros2_ws/install/my_robot_interfaces/lib/libmy_robot_interfaces__rosidl_generator_py.so
[1.724s] -- Up-to-date: /home/jazib-manzoor/ros2_ws/install/my_robot_interfaces/share/my_robot_interfaces/cmake/export_my_robot_interfaces__rosidl_generator_cExport.cmake
[1.724s] -- Up-to-date: /home/jazib-manzoor/ros2_ws/install/my_robot_interfaces/share/my_robot_interfaces/cmake/export_my_robot_interfaces__rosidl_generator_cExport-noconfig.cmake
[1.724s] -- Up-to-date: /home/jazib-manzoor/ros2_ws/install/my_robot_interfaces/share/my_robot_interfaces/cmake/export_my_robot_interfaces__rosidl_typesupport_fastrtps_cExport.cmake
[1.725s] -- Up-to-date: /home/jazib-manzoor/ros2_ws/install/my_robot_interfaces/share/my_robot_interfaces/cmake/export_my_robot_interfaces__rosidl_typesupport_fastrtps_cExport-noconfig.cmake
[1.725s] -- Up-to-date: /home/jazib-manzoor/ros2_ws/install/my_robot_interfaces/share/my_robot_interfaces/cmake/my_robot_interfaces__rosidl_typesupport_introspection_cExport.cmake
[1.725s] -- Up-to-date: /home/jazib-manzoor/ros2_ws/install/my_robot_interfaces/share/my_robot_interfaces/cmake/my_robot_interfaces__rosidl_typesupport_introspection_cExport-noconfig.cmake
[1.725s] -- Up-to-date: /home/jazib-manzoor/ros2_ws/install/my_robot_interfaces/share/my_robot_interfaces/cmake/my_robot_interfaces__rosidl_typesupport_cExport.cmake
[1.725s] -- Up-to-date: /home/jazib-manzoor/ros2_ws/install/my_robot_interfaces/share/my_robot_interfaces/cmake/my_robot_interfaces__rosidl_typesupport_cExport-noconfig.cmake
[1.725s] -- Up-to-date: /home/jazib-manzoor/ros2_ws/install/my_robot_interfaces/share/my_robot_interfaces/cmake/export_my_robot_interfaces__rosidl_generator_cppExport.cmake
[1.726s] -- Up-to-date: /home/jazib-manzoor/ros2_ws/install/my_robot_interfaces/share/my_robot_interfaces/cmake/export_my_robot_interfaces__rosidl_typesupport_fastrtps_cppExport.cmake
[1.726s] -- Up-to-date: /home/jazib-manzoor/ros2_ws/install/my_robot_interfaces/share/my_robot_interfaces/cmake/export_my_robot_interfaces__rosidl_typesupport_fastrtps_cppExport-noconfig.cmake
[1.726s] -- Up-to-date: /home/jazib-manzoor/ros2_ws/install/my_robot_interfaces/share/my_robot_interfaces/cmake/my_robot_interfaces__rosidl_typesupport_introspection_cppExport.cmake
[1.726s] -- Up-to-date: /home/jazib-manzoor/ros2_ws/install/my_robot_interfaces/share/my_robot_interfaces/cmake/my_robot_interfaces__rosidl_typesupport_introspection_cppExport-noconfig.cmake
[1.726s] -- Up-to-date: /home/jazib-manzoor/ros2_ws/install/my_robot_interfaces/share/my_robot_interfaces/cmake/my_robot_interfaces__rosidl_typesupport_cppExport.cmake
[1.727s] -- Up-to-date: /home/jazib-manzoor/ros2_ws/install/my_robot_interfaces/share/my_robot_interfaces/cmake/my_robot_interfaces__rosidl_typesupport_cppExport-noconfig.cmake
[1.727s] -- Up-to-date: /home/jazib-manzoor/ros2_ws/install/my_robot_interfaces/share/my_robot_interfaces/cmake/export_my_robot_interfaces__rosidl_generator_pyExport.cmake
[1.727s] -- Up-to-date: /home/jazib-manzoor/ros2_ws/install/my_robot_interfaces/share/my_robot_interfaces/cmake/export_my_robot_interfaces__rosidl_generator_pyExport-noconfig.cmake
[1.727s] Invoked command in '/home/jazib-manzoor/ros2_ws/build/my_robot_interfaces' returned '0': CMAKE_PREFIX_PATH=${CMAKE_PREFIX_PATH}:/home/jazib-manzoor/ros2_ws/install/tf2_learning:/home/jazib-manzoor/ros2_ws/install/robot_description:/home/jazib-manzoor/ros2_ws/install/my_first_robot:/home/jazib-manzoor/ros2_ws/install/cmd_vel_bridge:/home/jazib-manzoor/ros2_ws/install/ble_localization:/opt/ros/jazzy DEBUGINFOD_URLS=https://debuginfod.ubuntu.com /usr/bin/cmake --install /home/jazib-manzoor/ros2_ws/build/my_robot_interfaces
