running develop
running egg_info
writing my_first_robot.egg-info/PKG-INFO
writing dependency_links to my_first_robot.egg-info/dependency_links.txt
writing entry points to my_first_robot.egg-info/entry_points.txt
writing requirements to my_first_robot.egg-info/requires.txt
writing top-level names to my_first_robot.egg-info/top_level.txt
reading manifest file 'my_first_robot.egg-info/SOURCES.txt'
writing manifest file 'my_first_robot.egg-info/SOURCES.txt'
running build_ext
Creating /home/jazib-manzoor/ros2_ws/install/my_first_robot/lib/python3.12/site-packages/my-first-robot.egg-link (link to .)
Installing action_client script to /home/jazib-manzoor/ros2_ws/install/my_first_robot/lib/my_first_robot
Installing action_server script to /home/jazib-manzoor/ros2_ws/install/my_first_robot/lib/my_first_robot
Installing hello_node script to /home/jazib-manzoor/ros2_ws/install/my_first_robot/lib/my_first_robot
Installing my_first_subscriber script to /home/jazib-manzoor/ros2_ws/install/my_first_robot/lib/my_first_robot
Installing publisher_node script to /home/jazib-manzoor/ros2_ws/install/my_first_robot/lib/my_first_robot
Installing service_client script to /home/jazib-manzoor/ros2_ws/install/my_first_robot/lib/my_first_robot
Installing service_server script to /home/jazib-manzoor/ros2_ws/install/my_first_robot/lib/my_first_robot

Installed /home/jazib-manzoor/ros2_ws/build/my_first_robot
running symlink_data
