[2.144s] Invoking command in '/home/jazib-manzoor/ros2_ws/build/my_first_robot': DEBUGINFOD_URLS=https://debuginfod.ubuntu.com PYTHONPATH=/home/jazib-manzoor/ros2_ws/build/my_first_robot/prefix_override:/usr/lib/python3/dist-packages/colcon_core/task/python/colcon_distutils_commands:/home/jazib-manzoor/ros2_ws/install/my_first_robot/lib/python3.12/site-packages:/home/jazib-manzoor/ros2_ws/install/my_robot_interfaces/lib/python3.12/site-packages:/home/jazib-manzoor/ros2_ws/build/tf2_learning:/home/jazib-manzoor/ros2_ws/install/tf2_learning/lib/python3.12/site-packages:/home/jazib-manzoor/ros2_ws/build/robot_description:/home/jazib-manzoor/ros2_ws/install/robot_description/lib/python3.12/site-packages:/home/jazib-manzoor/ros2_ws/build/my_first_robot:/home/jazib-manzoor/ros2_ws/install/my_first_robot/lib/python3.12/site-packages:/home/jazib-manzoor/ros2_ws/build/cmd_vel_bridge:/home/jazib-manzoor/ros2_ws/install/cmd_vel_bridge/lib/python3.12/site-packages:/home/jazib-manzoor/ros2_ws/build/ble_localization:/home/jazib-manzoor/ros2_ws/install/ble_localization/lib/python3.12/site-packages:/opt/ros/jazzy/lib/python3.12/site-packages /usr/bin/python3 -W ignore:setup.py install is deprecated -W ignore:easy_install command is deprecated setup.py develop --editable --build-directory /home/jazib-manzoor/ros2_ws/build/my_first_robot/build --no-deps symlink_data
[2.725s] running develop
[3.130s] running egg_info
[3.171s] writing my_first_robot.egg-info/PKG-INFO
[3.171s] writing dependency_links to my_first_robot.egg-info/dependency_links.txt
[3.172s] writing entry points to my_first_robot.egg-info/entry_points.txt
[3.172s] writing requirements to my_first_robot.egg-info/requires.txt
[3.172s] writing top-level names to my_first_robot.egg-info/top_level.txt
[3.247s] reading manifest file 'my_first_robot.egg-info/SOURCES.txt'
[3.248s] writing manifest file 'my_first_robot.egg-info/SOURCES.txt'
[3.287s] running build_ext
[3.288s] Creating /home/jazib-manzoor/ros2_ws/install/my_first_robot/lib/python3.12/site-packages/my-first-robot.egg-link (link to .)
[3.289s] Installing action_client script to /home/jazib-manzoor/ros2_ws/install/my_first_robot/lib/my_first_robot
[3.289s] Installing action_server script to /home/jazib-manzoor/ros2_ws/install/my_first_robot/lib/my_first_robot
[3.289s] Installing hello_node script to /home/jazib-manzoor/ros2_ws/install/my_first_robot/lib/my_first_robot
[3.290s] Installing my_first_subscriber script to /home/jazib-manzoor/ros2_ws/install/my_first_robot/lib/my_first_robot
[3.290s] Installing publisher_node script to /home/jazib-manzoor/ros2_ws/install/my_first_robot/lib/my_first_robot
[3.290s] Installing service_client script to /home/jazib-manzoor/ros2_ws/install/my_first_robot/lib/my_first_robot
[3.291s] Installing service_server script to /home/jazib-manzoor/ros2_ws/install/my_first_robot/lib/my_first_robot
[3.291s] 
[3.291s] Installed /home/jazib-manzoor/ros2_ws/build/my_first_robot
[3.291s] running symlink_data
[3.336s] Invoked command in '/home/jazib-manzoor/ros2_ws/build/my_first_robot' returned '0': DEBUGINFOD_URLS=https://debuginfod.ubuntu.com PYTHONPATH=/home/jazib-manzoor/ros2_ws/build/my_first_robot/prefix_override:/usr/lib/python3/dist-packages/colcon_core/task/python/colcon_distutils_commands:/home/jazib-manzoor/ros2_ws/install/my_first_robot/lib/python3.12/site-packages:/home/jazib-manzoor/ros2_ws/install/my_robot_interfaces/lib/python3.12/site-packages:/home/jazib-manzoor/ros2_ws/build/tf2_learning:/home/jazib-manzoor/ros2_ws/install/tf2_learning/lib/python3.12/site-packages:/home/jazib-manzoor/ros2_ws/build/robot_description:/home/jazib-manzoor/ros2_ws/install/robot_description/lib/python3.12/site-packages:/home/jazib-manzoor/ros2_ws/build/my_first_robot:/home/jazib-manzoor/ros2_ws/install/my_first_robot/lib/python3.12/site-packages:/home/jazib-manzoor/ros2_ws/build/cmd_vel_bridge:/home/jazib-manzoor/ros2_ws/install/cmd_vel_bridge/lib/python3.12/site-packages:/home/jazib-manzoor/ros2_ws/build/ble_localization:/home/jazib-manzoor/ros2_ws/install/ble_localization/lib/python3.12/site-packages:/opt/ros/jazzy/lib/python3.12/site-packages /usr/bin/python3 -W ignore:setup.py install is deprecated -W ignore:easy_install command is deprecated setup.py develop --editable --build-directory /home/jazib-manzoor/ros2_ws/build/my_first_robot/build --no-deps symlink_data
