[0.251s] DEBUG:colcon:Command line arguments: ['/usr/bin/colcon', 'build', '--symlink-install']
[0.251s] DEBUG:colcon:Parsed command line arguments: Namespace(log_base=None, log_level=None, verb_name='build', build_base='build', install_base='install', merge_install=False, symlink_install=True, test_result_base=None, continue_on_error=False, executor='parallel', parallel_workers=12, event_handlers=None, ignore_user_meta=False, metas=['./colcon.meta'], base_paths=['.'], packages_ignore=None, packages_ignore_regex=None, paths=None, packages_up_to=None, packages_up_to_regex=None, packages_above=None, packages_above_and_dependencies=None, packages_above_depth=None, packages_select_by_dep=None, packages_skip_by_dep=None, packages_skip_up_to=None, packages_select_build_failed=False, packages_skip_build_finished=False, packages_select_test_failures=False, packages_skip_test_passed=False, packages_select=None, packages_skip=None, packages_select_regex=None, packages_skip_regex=None, packages_start=None, packages_end=None, allow_overriding=[], cmake_args=None, cmake_target=None, cmake_target_skip_unavailable=False, cmake_clean_cache=False, cmake_clean_first=False, cmake_force_configure=False, ament_cmake_args=None, catkin_cmake_args=None, catkin_skip_building_tests=False, verb_parser=<colcon_defaults.argument_parser.defaults.DefaultArgumentsDecorator object at 0x71998c7867b0>, verb_extension=<colcon_core.verb.build.BuildVerb object at 0x71998c8aeea0>, main=<bound method BuildVerb.main of <colcon_core.verb.build.BuildVerb object at 0x71998c8aeea0>>)
[0.342s] Level 1:colcon.colcon_core.package_discovery:discover_packages(colcon_meta) check parameters
[0.342s] Level 1:colcon.colcon_core.package_discovery:discover_packages(recursive) check parameters
[0.342s] Level 1:colcon.colcon_core.package_discovery:discover_packages(ignore) check parameters
[0.342s] Level 1:colcon.colcon_core.package_discovery:discover_packages(path) check parameters
[0.343s] Level 1:colcon.colcon_core.package_discovery:discover_packages(colcon_meta) discover
[0.343s] Level 1:colcon.colcon_core.package_discovery:discover_packages(recursive) discover
[0.343s] INFO:colcon.colcon_core.package_discovery:Crawling recursively for packages in '/home/jazib-manzoor/ros2_ws'
[0.343s] Level 1:colcon.colcon_core.package_identification:_identify(.) by extensions ['ignore', 'ignore_ament_install']
[0.343s] Level 1:colcon.colcon_core.package_identification:_identify(.) by extension 'ignore'
[0.343s] Level 1:colcon.colcon_core.package_identification:_identify(.) by extension 'ignore_ament_install'
[0.343s] Level 1:colcon.colcon_core.package_identification:_identify(.) by extensions ['colcon_pkg']
[0.343s] Level 1:colcon.colcon_core.package_identification:_identify(.) by extension 'colcon_pkg'
[0.344s] Level 1:colcon.colcon_core.package_identification:_identify(.) by extensions ['colcon_meta']
[0.344s] Level 1:colcon.colcon_core.package_identification:_identify(.) by extension 'colcon_meta'
[0.344s] Level 1:colcon.colcon_core.package_identification:_identify(.) by extensions ['ros']
[0.344s] Level 1:colcon.colcon_core.package_identification:_identify(.) by extension 'ros'
[0.396s] Level 1:colcon.colcon_core.package_identification:_identify(.) by extensions ['cmake', 'python']
[0.396s] Level 1:colcon.colcon_core.package_identification:_identify(.) by extension 'cmake'
[0.396s] Level 1:colcon.colcon_core.package_identification:_identify(.) by extension 'python'
[0.396s] Level 1:colcon.colcon_core.package_identification:_identify(.) by extensions ['python_setup_py']
[0.396s] Level 1:colcon.colcon_core.package_identification:_identify(.) by extension 'python_setup_py'
[0.396s] Level 1:colcon.colcon_core.package_identification:_identify(build) by extensions ['ignore', 'ignore_ament_install']
[0.397s] Level 1:colcon.colcon_core.package_identification:_identify(build) by extension 'ignore'
[0.397s] Level 1:colcon.colcon_core.package_identification:_identify(build) ignored
[0.397s] Level 1:colcon.colcon_core.package_identification:_identify(install) by extensions ['ignore', 'ignore_ament_install']
[0.397s] Level 1:colcon.colcon_core.package_identification:_identify(install) by extension 'ignore'
[0.397s] Level 1:colcon.colcon_core.package_identification:_identify(install) ignored
[0.398s] Level 1:colcon.colcon_core.package_identification:_identify(log) by extensions ['ignore', 'ignore_ament_install']
[0.398s] Level 1:colcon.colcon_core.package_identification:_identify(log) by extension 'ignore'
[0.398s] Level 1:colcon.colcon_core.package_identification:_identify(log) ignored
[0.398s] Level 1:colcon.colcon_core.package_identification:_identify(src) by extensions ['ignore', 'ignore_ament_install']
[0.398s] Level 1:colcon.colcon_core.package_identification:_identify(src) by extension 'ignore'
[0.398s] Level 1:colcon.colcon_core.package_identification:_identify(src) by extension 'ignore_ament_install'
[0.399s] Level 1:colcon.colcon_core.package_identification:_identify(src) by extensions ['colcon_pkg']
[0.399s] Level 1:colcon.colcon_core.package_identification:_identify(src) by extension 'colcon_pkg'
[0.399s] Level 1:colcon.colcon_core.package_identification:_identify(src) by extensions ['colcon_meta']
[0.399s] Level 1:colcon.colcon_core.package_identification:_identify(src) by extension 'colcon_meta'
[0.399s] Level 1:colcon.colcon_core.package_identification:_identify(src) by extensions ['ros']
[0.399s] Level 1:colcon.colcon_core.package_identification:_identify(src) by extension 'ros'
[0.399s] Level 1:colcon.colcon_core.package_identification:_identify(src) by extensions ['cmake', 'python']
[0.399s] Level 1:colcon.colcon_core.package_identification:_identify(src) by extension 'cmake'
[0.400s] Level 1:colcon.colcon_core.package_identification:_identify(src) by extension 'python'
[0.400s] Level 1:colcon.colcon_core.package_identification:_identify(src) by extensions ['python_setup_py']
[0.400s] Level 1:colcon.colcon_core.package_identification:_identify(src) by extension 'python_setup_py'
[0.400s] Level 1:colcon.colcon_core.package_identification:_identify(src/ble_localization) by extensions ['ignore', 'ignore_ament_install']
[0.400s] Level 1:colcon.colcon_core.package_identification:_identify(src/ble_localization) by extension 'ignore'
[0.401s] Level 1:colcon.colcon_core.package_identification:_identify(src/ble_localization) by extension 'ignore_ament_install'
[0.401s] Level 1:colcon.colcon_core.package_identification:_identify(src/ble_localization) by extensions ['colcon_pkg']
[0.401s] Level 1:colcon.colcon_core.package_identification:_identify(src/ble_localization) by extension 'colcon_pkg'
[0.401s] Level 1:colcon.colcon_core.package_identification:_identify(src/ble_localization) by extensions ['colcon_meta']
[0.401s] Level 1:colcon.colcon_core.package_identification:_identify(src/ble_localization) by extension 'colcon_meta'
[0.401s] Level 1:colcon.colcon_core.package_identification:_identify(src/ble_localization) by extensions ['ros']
[0.401s] Level 1:colcon.colcon_core.package_identification:_identify(src/ble_localization) by extension 'ros'
[0.409s] DEBUG:colcon.colcon_core.package_identification:Package 'src/ble_localization' with type 'ros.ament_python' and name 'ble_localization'
[0.409s] Level 1:colcon.colcon_core.package_identification:_identify(src/cmd_vel_bridge) by extensions ['ignore', 'ignore_ament_install']
[0.409s] Level 1:colcon.colcon_core.package_identification:_identify(src/cmd_vel_bridge) by extension 'ignore'
[0.410s] Level 1:colcon.colcon_core.package_identification:_identify(src/cmd_vel_bridge) by extension 'ignore_ament_install'
[0.410s] Level 1:colcon.colcon_core.package_identification:_identify(src/cmd_vel_bridge) by extensions ['colcon_pkg']
[0.410s] Level 1:colcon.colcon_core.package_identification:_identify(src/cmd_vel_bridge) by extension 'colcon_pkg'
[0.410s] Level 1:colcon.colcon_core.package_identification:_identify(src/cmd_vel_bridge) by extensions ['colcon_meta']
[0.410s] Level 1:colcon.colcon_core.package_identification:_identify(src/cmd_vel_bridge) by extension 'colcon_meta'
[0.410s] Level 1:colcon.colcon_core.package_identification:_identify(src/cmd_vel_bridge) by extensions ['ros']
[0.410s] Level 1:colcon.colcon_core.package_identification:_identify(src/cmd_vel_bridge) by extension 'ros'
[0.412s] DEBUG:colcon.colcon_core.package_identification:Package 'src/cmd_vel_bridge' with type 'ros.ament_python' and name 'cmd_vel_bridge'
[0.412s] Level 1:colcon.colcon_core.package_identification:_identify(src/my_first_robot) by extensions ['ignore', 'ignore_ament_install']
[0.412s] Level 1:colcon.colcon_core.package_identification:_identify(src/my_first_robot) by extension 'ignore'
[0.412s] Level 1:colcon.colcon_core.package_identification:_identify(src/my_first_robot) by extension 'ignore_ament_install'
[0.413s] Level 1:colcon.colcon_core.package_identification:_identify(src/my_first_robot) by extensions ['colcon_pkg']
[0.413s] Level 1:colcon.colcon_core.package_identification:_identify(src/my_first_robot) by extension 'colcon_pkg'
[0.413s] Level 1:colcon.colcon_core.package_identification:_identify(src/my_first_robot) by extensions ['colcon_meta']
[0.413s] Level 1:colcon.colcon_core.package_identification:_identify(src/my_first_robot) by extension 'colcon_meta'
[0.413s] Level 1:colcon.colcon_core.package_identification:_identify(src/my_first_robot) by extensions ['ros']
[0.413s] Level 1:colcon.colcon_core.package_identification:_identify(src/my_first_robot) by extension 'ros'
[0.415s] DEBUG:colcon.colcon_core.package_identification:Package 'src/my_first_robot' with type 'ros.ament_python' and name 'my_first_robot'
[0.415s] Level 1:colcon.colcon_core.package_identification:_identify(src/my_robot_interfaces) by extensions ['ignore', 'ignore_ament_install']
[0.415s] Level 1:colcon.colcon_core.package_identification:_identify(src/my_robot_interfaces) by extension 'ignore'
[0.415s] Level 1:colcon.colcon_core.package_identification:_identify(src/my_robot_interfaces) by extension 'ignore_ament_install'
[0.415s] Level 1:colcon.colcon_core.package_identification:_identify(src/my_robot_interfaces) by extensions ['colcon_pkg']
[0.415s] Level 1:colcon.colcon_core.package_identification:_identify(src/my_robot_interfaces) by extension 'colcon_pkg'
[0.416s] Level 1:colcon.colcon_core.package_identification:_identify(src/my_robot_interfaces) by extensions ['colcon_meta']
[0.416s] Level 1:colcon.colcon_core.package_identification:_identify(src/my_robot_interfaces) by extension 'colcon_meta'
[0.416s] Level 1:colcon.colcon_core.package_identification:_identify(src/my_robot_interfaces) by extensions ['ros']
[0.416s] Level 1:colcon.colcon_core.package_identification:_identify(src/my_robot_interfaces) by extension 'ros'
[0.417s] DEBUG:colcon.colcon_core.package_identification:Package 'src/my_robot_interfaces' with type 'ros.ament_cmake' and name 'my_robot_interfaces'
[0.418s] Level 1:colcon.colcon_core.package_identification:_identify(src/robot_description) by extensions ['ignore', 'ignore_ament_install']
[0.418s] Level 1:colcon.colcon_core.package_identification:_identify(src/robot_description) by extension 'ignore'
[0.418s] Level 1:colcon.colcon_core.package_identification:_identify(src/robot_description) by extension 'ignore_ament_install'
[0.418s] Level 1:colcon.colcon_core.package_identification:_identify(src/robot_description) by extensions ['colcon_pkg']
[0.418s] Level 1:colcon.colcon_core.package_identification:_identify(src/robot_description) by extension 'colcon_pkg'
[0.419s] Level 1:colcon.colcon_core.package_identification:_identify(src/robot_description) by extensions ['colcon_meta']
[0.419s] Level 1:colcon.colcon_core.package_identification:_identify(src/robot_description) by extension 'colcon_meta'
[0.419s] Level 1:colcon.colcon_core.package_identification:_identify(src/robot_description) by extensions ['ros']
[0.419s] Level 1:colcon.colcon_core.package_identification:_identify(src/robot_description) by extension 'ros'
[0.420s] DEBUG:colcon.colcon_core.package_identification:Package 'src/robot_description' with type 'ros.ament_python' and name 'robot_description'
[0.420s] Level 1:colcon.colcon_core.package_identification:_identify(src/tf2_learning) by extensions ['ignore', 'ignore_ament_install']
[0.420s] Level 1:colcon.colcon_core.package_identification:_identify(src/tf2_learning) by extension 'ignore'
[0.420s] Level 1:colcon.colcon_core.package_identification:_identify(src/tf2_learning) by extension 'ignore_ament_install'
[0.421s] Level 1:colcon.colcon_core.package_identification:_identify(src/tf2_learning) by extensions ['colcon_pkg']
[0.421s] Level 1:colcon.colcon_core.package_identification:_identify(src/tf2_learning) by extension 'colcon_pkg'
[0.421s] Level 1:colcon.colcon_core.package_identification:_identify(src/tf2_learning) by extensions ['colcon_meta']
[0.421s] Level 1:colcon.colcon_core.package_identification:_identify(src/tf2_learning) by extension 'colcon_meta'
[0.421s] Level 1:colcon.colcon_core.package_identification:_identify(src/tf2_learning) by extensions ['ros']
[0.421s] Level 1:colcon.colcon_core.package_identification:_identify(src/tf2_learning) by extension 'ros'
[0.423s] DEBUG:colcon.colcon_core.package_identification:Package 'src/tf2_learning' with type 'ros.ament_python' and name 'tf2_learning'
[0.423s] Level 1:colcon.colcon_core.package_discovery:discover_packages(recursive) using defaults
[0.423s] Level 1:colcon.colcon_core.package_discovery:discover_packages(ignore) discover
[0.423s] Level 1:colcon.colcon_core.package_discovery:discover_packages(ignore) using defaults
[0.423s] Level 1:colcon.colcon_core.package_discovery:discover_packages(path) discover
[0.423s] Level 1:colcon.colcon_core.package_discovery:discover_packages(path) using defaults
[0.476s] Level 1:colcon.colcon_core.package_discovery:discover_packages(prefix_path) check parameters
[0.476s] Level 1:colcon.colcon_core.package_discovery:discover_packages(prefix_path) discover
[0.490s] DEBUG:colcon.colcon_installed_package_information.package_discovery:Found 6 installed packages in /home/jazib-manzoor/ros2_ws/install
[0.494s] DEBUG:colcon.colcon_installed_package_information.package_discovery:Found 343 installed packages in /opt/ros/jazzy
[0.498s] Level 1:colcon.colcon_core.package_discovery:discover_packages(prefix_path) using defaults
[0.594s] Level 5:colcon.colcon_core.verb:set package 'ble_localization' build argument 'cmake_args' from command line to 'None'
[0.594s] Level 5:colcon.colcon_core.verb:set package 'ble_localization' build argument 'cmake_target' from command line to 'None'
[0.594s] Level 5:colcon.colcon_core.verb:set package 'ble_localization' build argument 'cmake_target_skip_unavailable' from command line to 'False'
[0.594s] Level 5:colcon.colcon_core.verb:set package 'ble_localization' build argument 'cmake_clean_cache' from command line to 'False'
[0.594s] Level 5:colcon.colcon_core.verb:set package 'ble_localization' build argument 'cmake_clean_first' from command line to 'False'
[0.594s] Level 5:colcon.colcon_core.verb:set package 'ble_localization' build argument 'cmake_force_configure' from command line to 'False'
[0.594s] Level 5:colcon.colcon_core.verb:set package 'ble_localization' build argument 'ament_cmake_args' from command line to 'None'
[0.594s] Level 5:colcon.colcon_core.verb:set package 'ble_localization' build argument 'catkin_cmake_args' from command line to 'None'
[0.595s] Level 5:colcon.colcon_core.verb:set package 'ble_localization' build argument 'catkin_skip_building_tests' from command line to 'False'
[0.595s] DEBUG:colcon.colcon_core.verb:Building package 'ble_localization' with the following arguments: {'ament_cmake_args': None, 'build_base': '/home/jazib-manzoor/ros2_ws/build/ble_localization', 'catkin_cmake_args': None, 'catkin_skip_building_tests': False, 'cmake_args': None, 'cmake_clean_cache': False, 'cmake_clean_first': False, 'cmake_force_configure': False, 'cmake_target': None, 'cmake_target_skip_unavailable': False, 'install_base': '/home/jazib-manzoor/ros2_ws/install/ble_localization', 'merge_install': False, 'path': '/home/jazib-manzoor/ros2_ws/src/ble_localization', 'symlink_install': True, 'test_result_base': None}
[0.595s] Level 5:colcon.colcon_core.verb:set package 'cmd_vel_bridge' build argument 'cmake_args' from command line to 'None'
[0.595s] Level 5:colcon.colcon_core.verb:set package 'cmd_vel_bridge' build argument 'cmake_target' from command line to 'None'
[0.595s] Level 5:colcon.colcon_core.verb:set package 'cmd_vel_bridge' build argument 'cmake_target_skip_unavailable' from command line to 'False'
[0.595s] Level 5:colcon.colcon_core.verb:set package 'cmd_vel_bridge' build argument 'cmake_clean_cache' from command line to 'False'
[0.595s] Level 5:colcon.colcon_core.verb:set package 'cmd_vel_bridge' build argument 'cmake_clean_first' from command line to 'False'
[0.595s] Level 5:colcon.colcon_core.verb:set package 'cmd_vel_bridge' build argument 'cmake_force_configure' from command line to 'False'
[0.595s] Level 5:colcon.colcon_core.verb:set package 'cmd_vel_bridge' build argument 'ament_cmake_args' from command line to 'None'
[0.595s] Level 5:colcon.colcon_core.verb:set package 'cmd_vel_bridge' build argument 'catkin_cmake_args' from command line to 'None'
[0.595s] Level 5:colcon.colcon_core.verb:set package 'cmd_vel_bridge' build argument 'catkin_skip_building_tests' from command line to 'False'
[0.595s] DEBUG:colcon.colcon_core.verb:Building package 'cmd_vel_bridge' with the following arguments: {'ament_cmake_args': None, 'build_base': '/home/jazib-manzoor/ros2_ws/build/cmd_vel_bridge', 'catkin_cmake_args': None, 'catkin_skip_building_tests': False, 'cmake_args': None, 'cmake_clean_cache': False, 'cmake_clean_first': False, 'cmake_force_configure': False, 'cmake_target': None, 'cmake_target_skip_unavailable': False, 'install_base': '/home/jazib-manzoor/ros2_ws/install/cmd_vel_bridge', 'merge_install': False, 'path': '/home/jazib-manzoor/ros2_ws/src/cmd_vel_bridge', 'symlink_install': True, 'test_result_base': None}
[0.596s] Level 5:colcon.colcon_core.verb:set package 'my_robot_interfaces' build argument 'cmake_args' from command line to 'None'
[0.596s] Level 5:colcon.colcon_core.verb:set package 'my_robot_interfaces' build argument 'cmake_target' from command line to 'None'
[0.596s] Level 5:colcon.colcon_core.verb:set package 'my_robot_interfaces' build argument 'cmake_target_skip_unavailable' from command line to 'False'
[0.596s] Level 5:colcon.colcon_core.verb:set package 'my_robot_interfaces' build argument 'cmake_clean_cache' from command line to 'False'
[0.596s] Level 5:colcon.colcon_core.verb:set package 'my_robot_interfaces' build argument 'cmake_clean_first' from command line to 'False'
[0.596s] Level 5:colcon.colcon_core.verb:set package 'my_robot_interfaces' build argument 'cmake_force_configure' from command line to 'False'
[0.596s] Level 5:colcon.colcon_core.verb:set package 'my_robot_interfaces' build argument 'ament_cmake_args' from command line to 'None'
[0.596s] Level 5:colcon.colcon_core.verb:set package 'my_robot_interfaces' build argument 'catkin_cmake_args' from command line to 'None'
[0.596s] Level 5:colcon.colcon_core.verb:set package 'my_robot_interfaces' build argument 'catkin_skip_building_tests' from command line to 'False'
[0.596s] DEBUG:colcon.colcon_core.verb:Building package 'my_robot_interfaces' with the following arguments: {'ament_cmake_args': None, 'build_base': '/home/jazib-manzoor/ros2_ws/build/my_robot_interfaces', 'catkin_cmake_args': None, 'catkin_skip_building_tests': False, 'cmake_args': None, 'cmake_clean_cache': False, 'cmake_clean_first': False, 'cmake_force_configure': False, 'cmake_target': None, 'cmake_target_skip_unavailable': False, 'install_base': '/home/jazib-manzoor/ros2_ws/install/my_robot_interfaces', 'merge_install': False, 'path': '/home/jazib-manzoor/ros2_ws/src/my_robot_interfaces', 'symlink_install': True, 'test_result_base': None}
[0.597s] Level 5:colcon.colcon_core.verb:set package 'robot_description' build argument 'cmake_args' from command line to 'None'
[0.597s] Level 5:colcon.colcon_core.verb:set package 'robot_description' build argument 'cmake_target' from command line to 'None'
[0.597s] Level 5:colcon.colcon_core.verb:set package 'robot_description' build argument 'cmake_target_skip_unavailable' from command line to 'False'
[0.597s] Level 5:colcon.colcon_core.verb:set package 'robot_description' build argument 'cmake_clean_cache' from command line to 'False'
[0.597s] Level 5:colcon.colcon_core.verb:set package 'robot_description' build argument 'cmake_clean_first' from command line to 'False'
[0.597s] Level 5:colcon.colcon_core.verb:set package 'robot_description' build argument 'cmake_force_configure' from command line to 'False'
[0.597s] Level 5:colcon.colcon_core.verb:set package 'robot_description' build argument 'ament_cmake_args' from command line to 'None'
[0.597s] Level 5:colcon.colcon_core.verb:set package 'robot_description' build argument 'catkin_cmake_args' from command line to 'None'
[0.597s] Level 5:colcon.colcon_core.verb:set package 'robot_description' build argument 'catkin_skip_building_tests' from command line to 'False'
[0.597s] DEBUG:colcon.colcon_core.verb:Building package 'robot_description' with the following arguments: {'ament_cmake_args': None, 'build_base': '/home/jazib-manzoor/ros2_ws/build/robot_description', 'catkin_cmake_args': None, 'catkin_skip_building_tests': False, 'cmake_args': None, 'cmake_clean_cache': False, 'cmake_clean_first': False, 'cmake_force_configure': False, 'cmake_target': None, 'cmake_target_skip_unavailable': False, 'install_base': '/home/jazib-manzoor/ros2_ws/install/robot_description', 'merge_install': False, 'path': '/home/jazib-manzoor/ros2_ws/src/robot_description', 'symlink_install': True, 'test_result_base': None}
[0.597s] Level 5:colcon.colcon_core.verb:set package 'tf2_learning' build argument 'cmake_args' from command line to 'None'
[0.597s] Level 5:colcon.colcon_core.verb:set package 'tf2_learning' build argument 'cmake_target' from command line to 'None'
[0.597s] Level 5:colcon.colcon_core.verb:set package 'tf2_learning' build argument 'cmake_target_skip_unavailable' from command line to 'False'
[0.597s] Level 5:colcon.colcon_core.verb:set package 'tf2_learning' build argument 'cmake_clean_cache' from command line to 'False'
[0.598s] Level 5:colcon.colcon_core.verb:set package 'tf2_learning' build argument 'cmake_clean_first' from command line to 'False'
[0.598s] Level 5:colcon.colcon_core.verb:set package 'tf2_learning' build argument 'cmake_force_configure' from command line to 'False'
[0.598s] Level 5:colcon.colcon_core.verb:set package 'tf2_learning' build argument 'ament_cmake_args' from command line to 'None'
[0.598s] Level 5:colcon.colcon_core.verb:set package 'tf2_learning' build argument 'catkin_cmake_args' from command line to 'None'
[0.598s] Level 5:colcon.colcon_core.verb:set package 'tf2_learning' build argument 'catkin_skip_building_tests' from command line to 'False'
[0.598s] DEBUG:colcon.colcon_core.verb:Building package 'tf2_learning' with the following arguments: {'ament_cmake_args': None, 'build_base': '/home/jazib-manzoor/ros2_ws/build/tf2_learning', 'catkin_cmake_args': None, 'catkin_skip_building_tests': False, 'cmake_args': None, 'cmake_clean_cache': False, 'cmake_clean_first': False, 'cmake_force_configure': False, 'cmake_target': None, 'cmake_target_skip_unavailable': False, 'install_base': '/home/jazib-manzoor/ros2_ws/install/tf2_learning', 'merge_install': False, 'path': '/home/jazib-manzoor/ros2_ws/src/tf2_learning', 'symlink_install': True, 'test_result_base': None}
[0.598s] Level 5:colcon.colcon_core.verb:set package 'my_first_robot' build argument 'cmake_args' from command line to 'None'
[0.598s] Level 5:colcon.colcon_core.verb:set package 'my_first_robot' build argument 'cmake_target' from command line to 'None'
[0.598s] Level 5:colcon.colcon_core.verb:set package 'my_first_robot' build argument 'cmake_target_skip_unavailable' from command line to 'False'
[0.598s] Level 5:colcon.colcon_core.verb:set package 'my_first_robot' build argument 'cmake_clean_cache' from command line to 'False'
[0.598s] Level 5:colcon.colcon_core.verb:set package 'my_first_robot' build argument 'cmake_clean_first' from command line to 'False'
[0.598s] Level 5:colcon.colcon_core.verb:set package 'my_first_robot' build argument 'cmake_force_configure' from command line to 'False'
[0.598s] Level 5:colcon.colcon_core.verb:set package 'my_first_robot' build argument 'ament_cmake_args' from command line to 'None'
[0.598s] Level 5:colcon.colcon_core.verb:set package 'my_first_robot' build argument 'catkin_cmake_args' from command line to 'None'
[0.598s] Level 5:colcon.colcon_core.verb:set package 'my_first_robot' build argument 'catkin_skip_building_tests' from command line to 'False'
[0.598s] DEBUG:colcon.colcon_core.verb:Building package 'my_first_robot' with the following arguments: {'ament_cmake_args': None, 'build_base': '/home/jazib-manzoor/ros2_ws/build/my_first_robot', 'catkin_cmake_args': None, 'catkin_skip_building_tests': False, 'cmake_args': None, 'cmake_clean_cache': False, 'cmake_clean_first': False, 'cmake_force_configure': False, 'cmake_target': None, 'cmake_target_skip_unavailable': False, 'install_base': '/home/jazib-manzoor/ros2_ws/install/my_first_robot', 'merge_install': False, 'path': '/home/jazib-manzoor/ros2_ws/src/my_first_robot', 'symlink_install': True, 'test_result_base': None}
[0.599s] INFO:colcon.colcon_core.executor:Executing jobs using 'parallel' executor
[0.600s] DEBUG:colcon.colcon_parallel_executor.executor.parallel:run_until_complete
[0.601s] INFO:colcon.colcon_ros.task.ament_cmake.build:Building ROS package in '/home/jazib-manzoor/ros2_ws/src/my_robot_interfaces' with build type 'ament_cmake'
[0.601s] INFO:colcon.colcon_cmake.task.cmake.build:Building CMake package in '/home/jazib-manzoor/ros2_ws/src/my_robot_interfaces'
[0.606s] INFO:colcon.colcon_core.plugin_system:Skipping extension 'colcon_core.shell.bat': Not used on non-Windows systems
[0.606s] INFO:colcon.colcon_core.shell:Skip shell extension 'powershell' for command environment: Not usable outside of PowerShell
[0.606s] DEBUG:colcon.colcon_core.shell:Skip shell extension 'dsv' for command environment
[0.614s] INFO:colcon.colcon_ros.task.ament_python.build:Building ROS package in '/home/jazib-manzoor/ros2_ws/src/ble_localization' with build type 'ament_python'
[0.614s] Level 1:colcon.colcon_core.shell:create_environment_hook('ble_localization', 'ament_prefix_path')
[0.614s] INFO:colcon.colcon_core.shell:Creating environment hook '/home/jazib-manzoor/ros2_ws/install/ble_localization/share/ble_localization/hook/ament_prefix_path.ps1'
[0.616s] INFO:colcon.colcon_core.shell:Creating environment descriptor '/home/jazib-manzoor/ros2_ws/install/ble_localization/share/ble_localization/hook/ament_prefix_path.dsv'
[0.617s] INFO:colcon.colcon_core.shell:Creating environment hook '/home/jazib-manzoor/ros2_ws/install/ble_localization/share/ble_localization/hook/ament_prefix_path.sh'
[0.619s] INFO:colcon.colcon_core.shell:Skip shell extension 'powershell' for command environment: Not usable outside of PowerShell
[0.619s] DEBUG:colcon.colcon_core.shell:Skip shell extension 'dsv' for command environment
[0.628s] INFO:colcon.colcon_ros.task.ament_python.build:Building ROS package in '/home/jazib-manzoor/ros2_ws/src/cmd_vel_bridge' with build type 'ament_python'
[0.628s] Level 1:colcon.colcon_core.shell:create_environment_hook('cmd_vel_bridge', 'ament_prefix_path')
[0.628s] INFO:colcon.colcon_core.shell:Creating environment hook '/home/jazib-manzoor/ros2_ws/install/cmd_vel_bridge/share/cmd_vel_bridge/hook/ament_prefix_path.ps1'
[0.630s] INFO:colcon.colcon_core.shell:Creating environment descriptor '/home/jazib-manzoor/ros2_ws/install/cmd_vel_bridge/share/cmd_vel_bridge/hook/ament_prefix_path.dsv'
[0.630s] INFO:colcon.colcon_core.shell:Creating environment hook '/home/jazib-manzoor/ros2_ws/install/cmd_vel_bridge/share/cmd_vel_bridge/hook/ament_prefix_path.sh'
[0.632s] INFO:colcon.colcon_core.shell:Skip shell extension 'powershell' for command environment: Not usable outside of PowerShell
[0.632s] DEBUG:colcon.colcon_core.shell:Skip shell extension 'dsv' for command environment
[0.640s] INFO:colcon.colcon_ros.task.ament_python.build:Building ROS package in '/home/jazib-manzoor/ros2_ws/src/robot_description' with build type 'ament_python'
[0.641s] Level 1:colcon.colcon_core.shell:create_environment_hook('robot_description', 'ament_prefix_path')
[0.641s] INFO:colcon.colcon_core.shell:Creating environment hook '/home/jazib-manzoor/ros2_ws/install/robot_description/share/robot_description/hook/ament_prefix_path.ps1'
[0.642s] INFO:colcon.colcon_core.shell:Creating environment descriptor '/home/jazib-manzoor/ros2_ws/install/robot_description/share/robot_description/hook/ament_prefix_path.dsv'
[0.643s] INFO:colcon.colcon_core.shell:Creating environment hook '/home/jazib-manzoor/ros2_ws/install/robot_description/share/robot_description/hook/ament_prefix_path.sh'
[0.644s] INFO:colcon.colcon_core.shell:Skip shell extension 'powershell' for command environment: Not usable outside of PowerShell
[0.644s] DEBUG:colcon.colcon_core.shell:Skip shell extension 'dsv' for command environment
[0.651s] INFO:colcon.colcon_ros.task.ament_python.build:Building ROS package in '/home/jazib-manzoor/ros2_ws/src/tf2_learning' with build type 'ament_python'
[0.651s] Level 1:colcon.colcon_core.shell:create_environment_hook('tf2_learning', 'ament_prefix_path')
[0.652s] INFO:colcon.colcon_core.shell:Creating environment hook '/home/jazib-manzoor/ros2_ws/install/tf2_learning/share/tf2_learning/hook/ament_prefix_path.ps1'
[0.653s] INFO:colcon.colcon_core.shell:Creating environment descriptor '/home/jazib-manzoor/ros2_ws/install/tf2_learning/share/tf2_learning/hook/ament_prefix_path.dsv'
[0.653s] INFO:colcon.colcon_core.shell:Creating environment hook '/home/jazib-manzoor/ros2_ws/install/tf2_learning/share/tf2_learning/hook/ament_prefix_path.sh'
[0.654s] INFO:colcon.colcon_core.shell:Skip shell extension 'powershell' for command environment: Not usable outside of PowerShell
[0.654s] DEBUG:colcon.colcon_core.shell:Skip shell extension 'dsv' for command environment
[0.670s] DEBUG:colcon.colcon_core.event_handler.log_command:Invoking command in '/home/jazib-manzoor/ros2_ws/build/my_robot_interfaces': CMAKE_PREFIX_PATH=${CMAKE_PREFIX_PATH}:/home/jazib-manzoor/ros2_ws/install/tf2_learning:/home/jazib-manzoor/ros2_ws/install/robot_description:/home/jazib-manzoor/ros2_ws/install/my_first_robot:/home/jazib-manzoor/ros2_ws/install/cmd_vel_bridge:/home/jazib-manzoor/ros2_ws/install/ble_localization:/opt/ros/jazzy DEBUGINFOD_URLS=https://debuginfod.ubuntu.com /usr/bin/cmake --build /home/jazib-manzoor/ros2_ws/build/my_robot_interfaces -- -j12 -l12
[1.113s] INFO:colcon.colcon_core.task.python.build:Building Python package in '/home/jazib-manzoor/ros2_ws/src/ble_localization'
[1.113s] INFO:colcon.colcon_core.shell:Skip shell extension 'powershell' for command environment: Not usable outside of PowerShell
[1.113s] DEBUG:colcon.colcon_core.shell:Skip shell extension 'dsv' for command environment
[1.492s] INFO:colcon.colcon_core.task.python.build:Building Python package in '/home/jazib-manzoor/ros2_ws/src/cmd_vel_bridge'
[1.492s] INFO:colcon.colcon_core.shell:Skip shell extension 'powershell' for command environment: Not usable outside of PowerShell
[1.493s] DEBUG:colcon.colcon_core.shell:Skip shell extension 'dsv' for command environment
[1.869s] INFO:colcon.colcon_core.task.python.build:Building Python package in '/home/jazib-manzoor/ros2_ws/src/robot_description'
[1.869s] INFO:colcon.colcon_core.shell:Skip shell extension 'powershell' for command environment: Not usable outside of PowerShell
[1.869s] DEBUG:colcon.colcon_core.shell:Skip shell extension 'dsv' for command environment
[1.885s] DEBUG:colcon.colcon_core.event_handler.log_command:Invoked command in '/home/jazib-manzoor/ros2_ws/build/my_robot_interfaces' returned '0': CMAKE_PREFIX_PATH=${CMAKE_PREFIX_PATH}:/home/jazib-manzoor/ros2_ws/install/tf2_learning:/home/jazib-manzoor/ros2_ws/install/robot_description:/home/jazib-manzoor/ros2_ws/install/my_first_robot:/home/jazib-manzoor/ros2_ws/install/cmd_vel_bridge:/home/jazib-manzoor/ros2_ws/install/ble_localization:/opt/ros/jazzy DEBUGINFOD_URLS=https://debuginfod.ubuntu.com /usr/bin/cmake --build /home/jazib-manzoor/ros2_ws/build/my_robot_interfaces -- -j12 -l12
[1.902s] DEBUG:colcon.colcon_core.event_handler.log_command:Invoking command in '/home/jazib-manzoor/ros2_ws/build/my_robot_interfaces': CMAKE_PREFIX_PATH=${CMAKE_PREFIX_PATH}:/home/jazib-manzoor/ros2_ws/install/tf2_learning:/home/jazib-manzoor/ros2_ws/install/robot_description:/home/jazib-manzoor/ros2_ws/install/my_first_robot:/home/jazib-manzoor/ros2_ws/install/cmd_vel_bridge:/home/jazib-manzoor/ros2_ws/install/ble_localization:/opt/ros/jazzy DEBUGINFOD_URLS=https://debuginfod.ubuntu.com /usr/bin/cmake --install /home/jazib-manzoor/ros2_ws/build/my_robot_interfaces
[2.282s] INFO:colcon.colcon_core.task.python.build:Building Python package in '/home/jazib-manzoor/ros2_ws/src/tf2_learning'
[2.283s] INFO:colcon.colcon_core.shell:Skip shell extension 'powershell' for command environment: Not usable outside of PowerShell
[2.283s] DEBUG:colcon.colcon_core.shell:Skip shell extension 'dsv' for command environment
[2.303s] Level 1:colcon.colcon_core.environment:create_environment_scripts_only(my_robot_interfaces)
[2.322s] Level 1:colcon.colcon_core.environment:checking '/home/jazib-manzoor/ros2_ws/install/my_robot_interfaces' for CMake module files
[2.326s] Level 1:colcon.colcon_core.environment:checking '/home/jazib-manzoor/ros2_ws/install/my_robot_interfaces' for CMake config files
[2.329s] DEBUG:colcon.colcon_core.event_handler.log_command:Invoked command in '/home/jazib-manzoor/ros2_ws/build/my_robot_interfaces' returned '0': CMAKE_PREFIX_PATH=${CMAKE_PREFIX_PATH}:/home/jazib-manzoor/ros2_ws/install/tf2_learning:/home/jazib-manzoor/ros2_ws/install/robot_description:/home/jazib-manzoor/ros2_ws/install/my_first_robot:/home/jazib-manzoor/ros2_ws/install/cmd_vel_bridge:/home/jazib-manzoor/ros2_ws/install/ble_localization:/opt/ros/jazzy DEBUGINFOD_URLS=https://debuginfod.ubuntu.com /usr/bin/cmake --install /home/jazib-manzoor/ros2_ws/build/my_robot_interfaces
[2.330s] Level 1:colcon.colcon_core.shell:create_environment_hook('my_robot_interfaces', 'cmake_prefix_path')
[2.330s] INFO:colcon.colcon_core.shell:Creating environment hook '/home/jazib-manzoor/ros2_ws/install/my_robot_interfaces/share/my_robot_interfaces/hook/cmake_prefix_path.ps1'
[2.331s] INFO:colcon.colcon_core.shell:Creating environment descriptor '/home/jazib-manzoor/ros2_ws/install/my_robot_interfaces/share/my_robot_interfaces/hook/cmake_prefix_path.dsv'
[2.332s] INFO:colcon.colcon_core.shell:Creating environment hook '/home/jazib-manzoor/ros2_ws/install/my_robot_interfaces/share/my_robot_interfaces/hook/cmake_prefix_path.sh'
[2.333s] Level 1:colcon.colcon_core.environment:checking '/home/jazib-manzoor/ros2_ws/install/my_robot_interfaces/lib'
[2.334s] Level 1:colcon.colcon_core.shell:create_environment_hook('my_robot_interfaces', 'ld_library_path_lib')
[2.334s] INFO:colcon.colcon_core.shell:Creating environment hook '/home/jazib-manzoor/ros2_ws/install/my_robot_interfaces/share/my_robot_interfaces/hook/ld_library_path_lib.ps1'
[2.335s] INFO:colcon.colcon_core.shell:Creating environment descriptor '/home/jazib-manzoor/ros2_ws/install/my_robot_interfaces/share/my_robot_interfaces/hook/ld_library_path_lib.dsv'
[2.335s] INFO:colcon.colcon_core.shell:Creating environment hook '/home/jazib-manzoor/ros2_ws/install/my_robot_interfaces/share/my_robot_interfaces/hook/ld_library_path_lib.sh'
[2.336s] Level 1:colcon.colcon_core.environment:checking '/home/jazib-manzoor/ros2_ws/install/my_robot_interfaces/bin'
[2.336s] Level 1:colcon.colcon_core.environment:checking '/home/jazib-manzoor/ros2_ws/install/my_robot_interfaces/lib/pkgconfig/my_robot_interfaces.pc'
[2.337s] Level 1:colcon.colcon_core.environment:checking '/home/jazib-manzoor/ros2_ws/install/my_robot_interfaces/lib/python3.12/site-packages'
[2.337s] Level 1:colcon.colcon_core.shell:create_environment_hook('my_robot_interfaces', 'pythonpath')
[2.337s] INFO:colcon.colcon_core.shell:Creating environment hook '/home/jazib-manzoor/ros2_ws/install/my_robot_interfaces/share/my_robot_interfaces/hook/pythonpath.ps1'
[2.338s] INFO:colcon.colcon_core.shell:Creating environment descriptor '/home/jazib-manzoor/ros2_ws/install/my_robot_interfaces/share/my_robot_interfaces/hook/pythonpath.dsv'
[2.339s] INFO:colcon.colcon_core.shell:Creating environment hook '/home/jazib-manzoor/ros2_ws/install/my_robot_interfaces/share/my_robot_interfaces/hook/pythonpath.sh'
[2.340s] Level 1:colcon.colcon_core.environment:checking '/home/jazib-manzoor/ros2_ws/install/my_robot_interfaces/bin'
[2.341s] INFO:colcon.colcon_core.shell:Creating package script '/home/jazib-manzoor/ros2_ws/install/my_robot_interfaces/share/my_robot_interfaces/package.ps1'
[2.343s] INFO:colcon.colcon_core.shell:Creating package descriptor '/home/jazib-manzoor/ros2_ws/install/my_robot_interfaces/share/my_robot_interfaces/package.dsv'
[2.344s] INFO:colcon.colcon_core.shell:Creating package script '/home/jazib-manzoor/ros2_ws/install/my_robot_interfaces/share/my_robot_interfaces/package.sh'
[2.345s] INFO:colcon.colcon_core.shell:Creating package script '/home/jazib-manzoor/ros2_ws/install/my_robot_interfaces/share/my_robot_interfaces/package.bash'
[2.346s] INFO:colcon.colcon_core.shell:Creating package script '/home/jazib-manzoor/ros2_ws/install/my_robot_interfaces/share/my_robot_interfaces/package.zsh'
[2.347s] Level 1:colcon.colcon_core.environment:create_file_with_runtime_dependencies(/home/jazib-manzoor/ros2_ws/install/my_robot_interfaces/share/colcon-core/packages/my_robot_interfaces)
[2.348s] Level 1:colcon.colcon_core.environment:create_environment_scripts_only(my_robot_interfaces)
[2.348s] Level 1:colcon.colcon_core.environment:checking '/home/jazib-manzoor/ros2_ws/install/my_robot_interfaces' for CMake module files
[2.350s] Level 1:colcon.colcon_core.environment:checking '/home/jazib-manzoor/ros2_ws/install/my_robot_interfaces' for CMake config files
[2.351s] Level 1:colcon.colcon_core.shell:create_environment_hook('my_robot_interfaces', 'cmake_prefix_path')
[2.351s] INFO:colcon.colcon_core.shell:Creating environment hook '/home/jazib-manzoor/ros2_ws/install/my_robot_interfaces/share/my_robot_interfaces/hook/cmake_prefix_path.ps1'
[2.351s] INFO:colcon.colcon_core.shell:Creating environment descriptor '/home/jazib-manzoor/ros2_ws/install/my_robot_interfaces/share/my_robot_interfaces/hook/cmake_prefix_path.dsv'
[2.352s] INFO:colcon.colcon_core.shell:Creating environment hook '/home/jazib-manzoor/ros2_ws/install/my_robot_interfaces/share/my_robot_interfaces/hook/cmake_prefix_path.sh'
[2.353s] Level 1:colcon.colcon_core.environment:checking '/home/jazib-manzoor/ros2_ws/install/my_robot_interfaces/lib'
[2.353s] Level 1:colcon.colcon_core.shell:create_environment_hook('my_robot_interfaces', 'ld_library_path_lib')
[2.353s] INFO:colcon.colcon_core.shell:Creating environment hook '/home/jazib-manzoor/ros2_ws/install/my_robot_interfaces/share/my_robot_interfaces/hook/ld_library_path_lib.ps1'
[2.354s] INFO:colcon.colcon_core.shell:Creating environment descriptor '/home/jazib-manzoor/ros2_ws/install/my_robot_interfaces/share/my_robot_interfaces/hook/ld_library_path_lib.dsv'
[2.354s] INFO:colcon.colcon_core.shell:Creating environment hook '/home/jazib-manzoor/ros2_ws/install/my_robot_interfaces/share/my_robot_interfaces/hook/ld_library_path_lib.sh'
[2.355s] Level 1:colcon.colcon_core.environment:checking '/home/jazib-manzoor/ros2_ws/install/my_robot_interfaces/bin'
[2.355s] Level 1:colcon.colcon_core.environment:checking '/home/jazib-manzoor/ros2_ws/install/my_robot_interfaces/lib/pkgconfig/my_robot_interfaces.pc'
[2.355s] Level 1:colcon.colcon_core.environment:checking '/home/jazib-manzoor/ros2_ws/install/my_robot_interfaces/lib/python3.12/site-packages'
[2.356s] Level 1:colcon.colcon_core.shell:create_environment_hook('my_robot_interfaces', 'pythonpath')
[2.356s] INFO:colcon.colcon_core.shell:Creating environment hook '/home/jazib-manzoor/ros2_ws/install/my_robot_interfaces/share/my_robot_interfaces/hook/pythonpath.ps1'
[2.356s] INFO:colcon.colcon_core.shell:Creating environment descriptor '/home/jazib-manzoor/ros2_ws/install/my_robot_interfaces/share/my_robot_interfaces/hook/pythonpath.dsv'
[2.357s] INFO:colcon.colcon_core.shell:Creating environment hook '/home/jazib-manzoor/ros2_ws/install/my_robot_interfaces/share/my_robot_interfaces/hook/pythonpath.sh'
[2.358s] Level 1:colcon.colcon_core.environment:checking '/home/jazib-manzoor/ros2_ws/install/my_robot_interfaces/bin'
[2.358s] INFO:colcon.colcon_core.shell:Creating package script '/home/jazib-manzoor/ros2_ws/install/my_robot_interfaces/share/my_robot_interfaces/package.ps1'
[2.359s] INFO:colcon.colcon_core.shell:Creating package descriptor '/home/jazib-manzoor/ros2_ws/install/my_robot_interfaces/share/my_robot_interfaces/package.dsv'
[2.360s] INFO:colcon.colcon_core.shell:Creating package script '/home/jazib-manzoor/ros2_ws/install/my_robot_interfaces/share/my_robot_interfaces/package.sh'
[2.361s] INFO:colcon.colcon_core.shell:Creating package script '/home/jazib-manzoor/ros2_ws/install/my_robot_interfaces/share/my_robot_interfaces/package.bash'
[2.362s] INFO:colcon.colcon_core.shell:Creating package script '/home/jazib-manzoor/ros2_ws/install/my_robot_interfaces/share/my_robot_interfaces/package.zsh'
[2.362s] Level 1:colcon.colcon_core.environment:create_file_with_runtime_dependencies(/home/jazib-manzoor/ros2_ws/install/my_robot_interfaces/share/colcon-core/packages/my_robot_interfaces)
[2.366s] INFO:colcon.colcon_ros.task.ament_python.build:Building ROS package in '/home/jazib-manzoor/ros2_ws/src/my_first_robot' with build type 'ament_python'
[2.366s] Level 1:colcon.colcon_core.shell:create_environment_hook('my_first_robot', 'ament_prefix_path')
[2.367s] INFO:colcon.colcon_core.shell:Creating environment hook '/home/jazib-manzoor/ros2_ws/install/my_first_robot/share/my_first_robot/hook/ament_prefix_path.ps1'
[2.367s] INFO:colcon.colcon_core.shell:Creating environment descriptor '/home/jazib-manzoor/ros2_ws/install/my_first_robot/share/my_first_robot/hook/ament_prefix_path.dsv'
[2.368s] INFO:colcon.colcon_core.shell:Creating environment hook '/home/jazib-manzoor/ros2_ws/install/my_first_robot/share/my_first_robot/hook/ament_prefix_path.sh'
[2.369s] INFO:colcon.colcon_core.shell:Skip shell extension 'powershell' for command environment: Not usable outside of PowerShell
[2.369s] DEBUG:colcon.colcon_core.shell:Skip shell extension 'dsv' for command environment
[2.813s] INFO:colcon.colcon_core.task.python.build:Building Python package in '/home/jazib-manzoor/ros2_ws/src/my_first_robot'
[2.814s] INFO:colcon.colcon_core.shell:Skip shell extension 'powershell' for command environment: Not usable outside of PowerShell
[2.814s] DEBUG:colcon.colcon_core.shell:Skip shell extension 'dsv' for command environment
[3.576s] DEBUG:colcon.colcon_core.task.python.build:Available setuptools commands: build_clib, register, upload_docs, bdist_rpm, dist_info, sdist, build_py, install_data, symlink_data, easy_install, setopt, editable_wheel, compile_catalog, install_headers, test, update_catalog, bdist, init_catalog, build, install_scripts, clean, egg_info, check, upload, install_lib, saveopts, build_scripts, build_ext, bdist_egg, alias, extract_messages, bdist_dumb, develop, rotate, install, install_egg_info
[3.599s] DEBUG:colcon.colcon_core.task.python.build:Available setuptools commands: build_clib, register, upload_docs, bdist_rpm, dist_info, sdist, build_py, install_data, symlink_data, easy_install, setopt, editable_wheel, compile_catalog, install_headers, test, update_catalog, bdist, init_catalog, build, install_scripts, clean, egg_info, check, upload, install_lib, saveopts, build_scripts, build_ext, bdist_egg, alias, extract_messages, bdist_dumb, develop, rotate, install, install_egg_info
[3.614s] DEBUG:colcon.colcon_core.task.python.build:Available setuptools commands: build_clib, register, upload_docs, bdist_rpm, dist_info, sdist, build_py, install_data, symlink_data, easy_install, setopt, editable_wheel, compile_catalog, install_headers, test, update_catalog, bdist, init_catalog, build, install_scripts, clean, egg_info, check, upload, install_lib, saveopts, build_scripts, build_ext, bdist_egg, alias, extract_messages, bdist_dumb, develop, rotate, install, install_egg_info
[3.624s] DEBUG:colcon.colcon_core.task.python.build:Available setuptools commands: build_clib, register, upload_docs, bdist_rpm, dist_info, sdist, build_py, install_data, symlink_data, easy_install, setopt, editable_wheel, compile_catalog, install_headers, test, update_catalog, bdist, init_catalog, build, install_scripts, clean, egg_info, check, upload, install_lib, saveopts, build_scripts, build_ext, bdist_egg, alias, extract_messages, bdist_dumb, develop, rotate, install, install_egg_info
[3.921s] DEBUG:colcon.colcon_core.task.python.build:Available setuptools commands: build_clib, register, upload_docs, bdist_rpm, dist_info, sdist, build_py, install_data, symlink_data, easy_install, setopt, editable_wheel, compile_catalog, install_headers, test, update_catalog, bdist, init_catalog, build, install_scripts, clean, egg_info, check, upload, install_lib, saveopts, build_scripts, build_ext, bdist_egg, alias, extract_messages, bdist_dumb, develop, rotate, install, install_egg_info
[4.201s] DEBUG:colcon.colcon_core.task.python.build:Available setuptools 'develop' options: --no-user-cfg, --always-copy, --always-unzip, --exclude-scripts, --version, --editable, --user, --no-find-links, --index-url, --help, --egg-path, --quiet, --dry-run, --optimize, --site-dirs, --uninstall, --force-installation-into-system-dir, --prefix, --build-directory, --multi-version, --verbose, --allow-hosts, --install-layout, --record, --no-deps, --local-snapshots-ok, --zip-ok, --install-dir, --upgrade, --find-links, --script-dir
[4.204s] DEBUG:colcon.colcon_core.event_handler.log_command:Invoking command in '/home/jazib-manzoor/ros2_ws/build/ble_localization': DEBUGINFOD_URLS=https://debuginfod.ubuntu.com PYTHONPATH=/home/jazib-manzoor/ros2_ws/build/ble_localization/prefix_override:/usr/lib/python3/dist-packages/colcon_core/task/python/colcon_distutils_commands:/home/jazib-manzoor/ros2_ws/install/ble_localization/lib/python3.12/site-packages:${PYTHONPATH} /usr/bin/python3 -W ignore:setup.py install is deprecated -W ignore:easy_install command is deprecated setup.py develop --editable --build-directory /home/jazib-manzoor/ros2_ws/build/ble_localization/build --no-deps symlink_data
[4.207s] DEBUG:colcon.colcon_core.task.python.build:Available setuptools 'develop' options: --no-user-cfg, --always-copy, --always-unzip, --exclude-scripts, --version, --editable, --user, --no-find-links, --index-url, --help, --egg-path, --quiet, --dry-run, --optimize, --site-dirs, --uninstall, --force-installation-into-system-dir, --prefix, --build-directory, --multi-version, --verbose, --allow-hosts, --install-layout, --record, --no-deps, --local-snapshots-ok, --zip-ok, --install-dir, --upgrade, --find-links, --script-dir
[4.211s] DEBUG:colcon.colcon_core.event_handler.log_command:Invoking command in '/home/jazib-manzoor/ros2_ws/build/tf2_learning': DEBUGINFOD_URLS=https://debuginfod.ubuntu.com PYTHONPATH=/home/jazib-manzoor/ros2_ws/build/tf2_learning/prefix_override:/usr/lib/python3/dist-packages/colcon_core/task/python/colcon_distutils_commands:/home/jazib-manzoor/ros2_ws/install/tf2_learning/lib/python3.12/site-packages:${PYTHONPATH} /usr/bin/python3 -W ignore:setup.py install is deprecated -W ignore:easy_install command is deprecated setup.py develop --editable --build-directory /home/jazib-manzoor/ros2_ws/build/tf2_learning/build --no-deps symlink_data
[4.222s] DEBUG:colcon.colcon_core.task.python.build:Available setuptools 'develop' options: --no-user-cfg, --always-copy, --always-unzip, --exclude-scripts, --version, --editable, --user, --no-find-links, --index-url, --help, --egg-path, --quiet, --dry-run, --optimize, --site-dirs, --uninstall, --force-installation-into-system-dir, --prefix, --build-directory, --multi-version, --verbose, --allow-hosts, --install-layout, --record, --no-deps, --local-snapshots-ok, --zip-ok, --install-dir, --upgrade, --find-links, --script-dir
[4.227s] DEBUG:colcon.colcon_core.event_handler.log_command:Invoking command in '/home/jazib-manzoor/ros2_ws/build/robot_description': DEBUGINFOD_URLS=https://debuginfod.ubuntu.com PYTHONPATH=/home/jazib-manzoor/ros2_ws/build/robot_description/prefix_override:/usr/lib/python3/dist-packages/colcon_core/task/python/colcon_distutils_commands:/home/jazib-manzoor/ros2_ws/install/robot_description/lib/python3.12/site-packages:${PYTHONPATH} /usr/bin/python3 -W ignore:setup.py install is deprecated -W ignore:easy_install command is deprecated setup.py develop --editable --build-directory /home/jazib-manzoor/ros2_ws/build/robot_description/build --no-deps symlink_data
[4.233s] DEBUG:colcon.colcon_core.task.python.build:Available setuptools 'develop' options: --no-user-cfg, --always-copy, --always-unzip, --exclude-scripts, --version, --editable, --user, --no-find-links, --index-url, --help, --egg-path, --quiet, --dry-run, --optimize, --site-dirs, --uninstall, --force-installation-into-system-dir, --prefix, --build-directory, --multi-version, --verbose, --allow-hosts, --install-layout, --record, --no-deps, --local-snapshots-ok, --zip-ok, --install-dir, --upgrade, --find-links, --script-dir
[4.237s] DEBUG:colcon.colcon_core.event_handler.log_command:Invoking command in '/home/jazib-manzoor/ros2_ws/build/cmd_vel_bridge': DEBUGINFOD_URLS=https://debuginfod.ubuntu.com PYTHONPATH=/home/jazib-manzoor/ros2_ws/build/cmd_vel_bridge/prefix_override:/usr/lib/python3/dist-packages/colcon_core/task/python/colcon_distutils_commands:/home/jazib-manzoor/ros2_ws/install/cmd_vel_bridge/lib/python3.12/site-packages:${PYTHONPATH} /usr/bin/python3 -W ignore:setup.py install is deprecated -W ignore:easy_install command is deprecated setup.py develop --editable --build-directory /home/jazib-manzoor/ros2_ws/build/cmd_vel_bridge/build --no-deps symlink_data
[4.506s] DEBUG:colcon.colcon_core.task.python.build:Available setuptools 'develop' options: --no-user-cfg, --always-copy, --always-unzip, --exclude-scripts, --version, --editable, --user, --no-find-links, --index-url, --help, --egg-path, --quiet, --dry-run, --optimize, --site-dirs, --uninstall, --force-installation-into-system-dir, --prefix, --build-directory, --multi-version, --verbose, --allow-hosts, --install-layout, --record, --no-deps, --local-snapshots-ok, --zip-ok, --install-dir, --upgrade, --find-links, --script-dir
[4.510s] DEBUG:colcon.colcon_core.event_handler.log_command:Invoking command in '/home/jazib-manzoor/ros2_ws/build/my_first_robot': DEBUGINFOD_URLS=https://debuginfod.ubuntu.com PYTHONPATH=/home/jazib-manzoor/ros2_ws/build/my_first_robot/prefix_override:/usr/lib/python3/dist-packages/colcon_core/task/python/colcon_distutils_commands:/home/jazib-manzoor/ros2_ws/install/my_first_robot/lib/python3.12/site-packages:/home/jazib-manzoor/ros2_ws/install/my_robot_interfaces/lib/python3.12/site-packages:/home/jazib-manzoor/ros2_ws/build/tf2_learning:/home/jazib-manzoor/ros2_ws/install/tf2_learning/lib/python3.12/site-packages:/home/jazib-manzoor/ros2_ws/build/robot_description:/home/jazib-manzoor/ros2_ws/install/robot_description/lib/python3.12/site-packages:/home/jazib-manzoor/ros2_ws/build/my_first_robot:/home/jazib-manzoor/ros2_ws/install/my_first_robot/lib/python3.12/site-packages:/home/jazib-manzoor/ros2_ws/build/cmd_vel_bridge:/home/jazib-manzoor/ros2_ws/install/cmd_vel_bridge/lib/python3.12/site-packages:/home/jazib-manzoor/ros2_ws/build/ble_localization:/home/jazib-manzoor/ros2_ws/install/ble_localization/lib/python3.12/site-packages:/opt/ros/jazzy/lib/python3.12/site-packages /usr/bin/python3 -W ignore:setup.py install is deprecated -W ignore:easy_install command is deprecated setup.py develop --editable --build-directory /home/jazib-manzoor/ros2_ws/build/my_first_robot/build --no-deps symlink_data
[5.402s] Level 1:colcon.colcon_core.shell:create_environment_hook('tf2_learning', 'pythonpath_develop')
[5.402s] INFO:colcon.colcon_core.shell:Creating environment hook '/home/jazib-manzoor/ros2_ws/build/tf2_learning/share/tf2_learning/hook/pythonpath_develop.ps1'
[5.403s] DEBUG:colcon.colcon_core.event_handler.log_command:Invoked command in '/home/jazib-manzoor/ros2_ws/build/tf2_learning' returned '0': DEBUGINFOD_URLS=https://debuginfod.ubuntu.com PYTHONPATH=/home/jazib-manzoor/ros2_ws/build/tf2_learning/prefix_override:/usr/lib/python3/dist-packages/colcon_core/task/python/colcon_distutils_commands:/home/jazib-manzoor/ros2_ws/install/tf2_learning/lib/python3.12/site-packages:${PYTHONPATH} /usr/bin/python3 -W ignore:setup.py install is deprecated -W ignore:easy_install command is deprecated setup.py develop --editable --build-directory /home/jazib-manzoor/ros2_ws/build/tf2_learning/build --no-deps symlink_data
[5.404s] INFO:colcon.colcon_core.shell:Creating environment descriptor '/home/jazib-manzoor/ros2_ws/build/tf2_learning/share/tf2_learning/hook/pythonpath_develop.dsv'
[5.404s] INFO:colcon.colcon_core.shell:Creating environment hook '/home/jazib-manzoor/ros2_ws/build/tf2_learning/share/tf2_learning/hook/pythonpath_develop.sh'
[5.405s] Level 1:colcon.colcon_core.environment:checking '/home/jazib-manzoor/ros2_ws/install/tf2_learning' for CMake module files
[5.406s] Level 1:colcon.colcon_core.environment:checking '/home/jazib-manzoor/ros2_ws/install/tf2_learning' for CMake config files
[5.407s] Level 1:colcon.colcon_core.environment:checking '/home/jazib-manzoor/ros2_ws/install/tf2_learning/lib'
[5.407s] Level 1:colcon.colcon_core.environment:checking '/home/jazib-manzoor/ros2_ws/install/tf2_learning/bin'
[5.407s] Level 1:colcon.colcon_core.environment:checking '/home/jazib-manzoor/ros2_ws/install/tf2_learning/lib/pkgconfig/tf2_learning.pc'
[5.407s] Level 1:colcon.colcon_core.environment:checking '/home/jazib-manzoor/ros2_ws/install/tf2_learning/lib/python3.12/site-packages'
[5.408s] Level 1:colcon.colcon_core.shell:create_environment_hook('tf2_learning', 'pythonpath')
[5.408s] INFO:colcon.colcon_core.shell:Creating environment hook '/home/jazib-manzoor/ros2_ws/install/tf2_learning/share/tf2_learning/hook/pythonpath.ps1'
[5.409s] INFO:colcon.colcon_core.shell:Creating environment descriptor '/home/jazib-manzoor/ros2_ws/install/tf2_learning/share/tf2_learning/hook/pythonpath.dsv'
[5.410s] INFO:colcon.colcon_core.shell:Creating environment hook '/home/jazib-manzoor/ros2_ws/install/tf2_learning/share/tf2_learning/hook/pythonpath.sh'
[5.411s] Level 1:colcon.colcon_core.environment:checking '/home/jazib-manzoor/ros2_ws/install/tf2_learning/bin'
[5.412s] Level 1:colcon.colcon_core.environment:create_environment_scripts_only(tf2_learning)
[5.412s] INFO:colcon.colcon_core.shell:Creating package script '/home/jazib-manzoor/ros2_ws/install/tf2_learning/share/tf2_learning/package.ps1'
[5.413s] INFO:colcon.colcon_core.shell:Creating package descriptor '/home/jazib-manzoor/ros2_ws/install/tf2_learning/share/tf2_learning/package.dsv'
[5.414s] INFO:colcon.colcon_core.shell:Creating package script '/home/jazib-manzoor/ros2_ws/install/tf2_learning/share/tf2_learning/package.sh'
[5.415s] INFO:colcon.colcon_core.shell:Creating package script '/home/jazib-manzoor/ros2_ws/install/tf2_learning/share/tf2_learning/package.bash'
[5.415s] INFO:colcon.colcon_core.shell:Creating package script '/home/jazib-manzoor/ros2_ws/install/tf2_learning/share/tf2_learning/package.zsh'
[5.416s] Level 1:colcon.colcon_core.environment:create_file_with_runtime_dependencies(/home/jazib-manzoor/ros2_ws/install/tf2_learning/share/colcon-core/packages/tf2_learning)
[5.419s] Level 1:colcon.colcon_core.shell:create_environment_hook('ble_localization', 'pythonpath_develop')
[5.419s] INFO:colcon.colcon_core.shell:Creating environment hook '/home/jazib-manzoor/ros2_ws/build/ble_localization/share/ble_localization/hook/pythonpath_develop.ps1'
[5.420s] DEBUG:colcon.colcon_core.event_handler.log_command:Invoked command in '/home/jazib-manzoor/ros2_ws/build/ble_localization' returned '0': DEBUGINFOD_URLS=https://debuginfod.ubuntu.com PYTHONPATH=/home/jazib-manzoor/ros2_ws/build/ble_localization/prefix_override:/usr/lib/python3/dist-packages/colcon_core/task/python/colcon_distutils_commands:/home/jazib-manzoor/ros2_ws/install/ble_localization/lib/python3.12/site-packages:${PYTHONPATH} /usr/bin/python3 -W ignore:setup.py install is deprecated -W ignore:easy_install command is deprecated setup.py develop --editable --build-directory /home/jazib-manzoor/ros2_ws/build/ble_localization/build --no-deps symlink_data
[5.420s] INFO:colcon.colcon_core.shell:Creating environment descriptor '/home/jazib-manzoor/ros2_ws/build/ble_localization/share/ble_localization/hook/pythonpath_develop.dsv'
[5.421s] INFO:colcon.colcon_core.shell:Creating environment hook '/home/jazib-manzoor/ros2_ws/build/ble_localization/share/ble_localization/hook/pythonpath_develop.sh'
[5.422s] Level 1:colcon.colcon_core.environment:checking '/home/jazib-manzoor/ros2_ws/install/ble_localization' for CMake module files
[5.423s] Level 1:colcon.colcon_core.environment:checking '/home/jazib-manzoor/ros2_ws/install/ble_localization' for CMake config files
[5.424s] Level 1:colcon.colcon_core.environment:checking '/home/jazib-manzoor/ros2_ws/install/ble_localization/lib'
[5.424s] Level 1:colcon.colcon_core.environment:checking '/home/jazib-manzoor/ros2_ws/install/ble_localization/bin'
[5.424s] Level 1:colcon.colcon_core.environment:checking '/home/jazib-manzoor/ros2_ws/install/ble_localization/lib/pkgconfig/ble_localization.pc'
[5.424s] Level 1:colcon.colcon_core.environment:checking '/home/jazib-manzoor/ros2_ws/install/ble_localization/lib/python3.12/site-packages'
[5.424s] Level 1:colcon.colcon_core.shell:create_environment_hook('ble_localization', 'pythonpath')
[5.425s] INFO:colcon.colcon_core.shell:Creating environment hook '/home/jazib-manzoor/ros2_ws/install/ble_localization/share/ble_localization/hook/pythonpath.ps1'
[5.425s] INFO:colcon.colcon_core.shell:Creating environment descriptor '/home/jazib-manzoor/ros2_ws/install/ble_localization/share/ble_localization/hook/pythonpath.dsv'
[5.426s] INFO:colcon.colcon_core.shell:Creating environment hook '/home/jazib-manzoor/ros2_ws/install/ble_localization/share/ble_localization/hook/pythonpath.sh'
[5.427s] Level 1:colcon.colcon_core.environment:checking '/home/jazib-manzoor/ros2_ws/install/ble_localization/bin'
[5.427s] Level 1:colcon.colcon_core.environment:create_environment_scripts_only(ble_localization)
[5.428s] INFO:colcon.colcon_core.shell:Creating package script '/home/jazib-manzoor/ros2_ws/install/ble_localization/share/ble_localization/package.ps1'
[5.429s] INFO:colcon.colcon_core.shell:Creating package descriptor '/home/jazib-manzoor/ros2_ws/install/ble_localization/share/ble_localization/package.dsv'
[5.430s] INFO:colcon.colcon_core.shell:Creating package script '/home/jazib-manzoor/ros2_ws/install/ble_localization/share/ble_localization/package.sh'
[5.431s] INFO:colcon.colcon_core.shell:Creating package script '/home/jazib-manzoor/ros2_ws/install/ble_localization/share/ble_localization/package.bash'
[5.431s] INFO:colcon.colcon_core.shell:Creating package script '/home/jazib-manzoor/ros2_ws/install/ble_localization/share/ble_localization/package.zsh'
[5.432s] Level 1:colcon.colcon_core.environment:create_file_with_runtime_dependencies(/home/jazib-manzoor/ros2_ws/install/ble_localization/share/colcon-core/packages/ble_localization)
[5.433s] Level 1:colcon.colcon_core.shell:create_environment_hook('cmd_vel_bridge', 'pythonpath_develop')
[5.433s] INFO:colcon.colcon_core.shell:Creating environment hook '/home/jazib-manzoor/ros2_ws/build/cmd_vel_bridge/share/cmd_vel_bridge/hook/pythonpath_develop.ps1'
[5.434s] INFO:colcon.colcon_core.shell:Creating environment descriptor '/home/jazib-manzoor/ros2_ws/build/cmd_vel_bridge/share/cmd_vel_bridge/hook/pythonpath_develop.dsv'
[5.435s] DEBUG:colcon.colcon_core.event_handler.log_command:Invoked command in '/home/jazib-manzoor/ros2_ws/build/cmd_vel_bridge' returned '0': DEBUGINFOD_URLS=https://debuginfod.ubuntu.com PYTHONPATH=/home/jazib-manzoor/ros2_ws/build/cmd_vel_bridge/prefix_override:/usr/lib/python3/dist-packages/colcon_core/task/python/colcon_distutils_commands:/home/jazib-manzoor/ros2_ws/install/cmd_vel_bridge/lib/python3.12/site-packages:${PYTHONPATH} /usr/bin/python3 -W ignore:setup.py install is deprecated -W ignore:easy_install command is deprecated setup.py develop --editable --build-directory /home/jazib-manzoor/ros2_ws/build/cmd_vel_bridge/build --no-deps symlink_data
[5.436s] INFO:colcon.colcon_core.shell:Creating environment hook '/home/jazib-manzoor/ros2_ws/build/cmd_vel_bridge/share/cmd_vel_bridge/hook/pythonpath_develop.sh'
[5.437s] Level 1:colcon.colcon_core.environment:checking '/home/jazib-manzoor/ros2_ws/install/cmd_vel_bridge' for CMake module files
[5.438s] Level 1:colcon.colcon_core.environment:checking '/home/jazib-manzoor/ros2_ws/install/cmd_vel_bridge' for CMake config files
[5.439s] Level 1:colcon.colcon_core.environment:checking '/home/jazib-manzoor/ros2_ws/install/cmd_vel_bridge/lib'
[5.439s] Level 1:colcon.colcon_core.environment:checking '/home/jazib-manzoor/ros2_ws/install/cmd_vel_bridge/bin'
[5.439s] Level 1:colcon.colcon_core.environment:checking '/home/jazib-manzoor/ros2_ws/install/cmd_vel_bridge/lib/pkgconfig/cmd_vel_bridge.pc'
[5.439s] Level 1:colcon.colcon_core.environment:checking '/home/jazib-manzoor/ros2_ws/install/cmd_vel_bridge/lib/python3.12/site-packages'
[5.440s] Level 1:colcon.colcon_core.shell:create_environment_hook('cmd_vel_bridge', 'pythonpath')
[5.440s] INFO:colcon.colcon_core.shell:Creating environment hook '/home/jazib-manzoor/ros2_ws/install/cmd_vel_bridge/share/cmd_vel_bridge/hook/pythonpath.ps1'
[5.441s] INFO:colcon.colcon_core.shell:Creating environment descriptor '/home/jazib-manzoor/ros2_ws/install/cmd_vel_bridge/share/cmd_vel_bridge/hook/pythonpath.dsv'
[5.442s] INFO:colcon.colcon_core.shell:Creating environment hook '/home/jazib-manzoor/ros2_ws/install/cmd_vel_bridge/share/cmd_vel_bridge/hook/pythonpath.sh'
[5.444s] Level 1:colcon.colcon_core.environment:checking '/home/jazib-manzoor/ros2_ws/install/cmd_vel_bridge/bin'
[5.444s] Level 1:colcon.colcon_core.environment:create_environment_scripts_only(cmd_vel_bridge)
[5.444s] INFO:colcon.colcon_core.shell:Creating package script '/home/jazib-manzoor/ros2_ws/install/cmd_vel_bridge/share/cmd_vel_bridge/package.ps1'
[5.445s] INFO:colcon.colcon_core.shell:Creating package descriptor '/home/jazib-manzoor/ros2_ws/install/cmd_vel_bridge/share/cmd_vel_bridge/package.dsv'
[5.446s] INFO:colcon.colcon_core.shell:Creating package script '/home/jazib-manzoor/ros2_ws/install/cmd_vel_bridge/share/cmd_vel_bridge/package.sh'
[5.447s] INFO:colcon.colcon_core.shell:Creating package script '/home/jazib-manzoor/ros2_ws/install/cmd_vel_bridge/share/cmd_vel_bridge/package.bash'
[5.447s] INFO:colcon.colcon_core.shell:Creating package script '/home/jazib-manzoor/ros2_ws/install/cmd_vel_bridge/share/cmd_vel_bridge/package.zsh'
[5.448s] Level 1:colcon.colcon_core.environment:create_file_with_runtime_dependencies(/home/jazib-manzoor/ros2_ws/install/cmd_vel_bridge/share/colcon-core/packages/cmd_vel_bridge)
[5.450s] Level 1:colcon.colcon_core.shell:create_environment_hook('robot_description', 'pythonpath_develop')
[5.451s] INFO:colcon.colcon_core.shell:Creating environment hook '/home/jazib-manzoor/ros2_ws/build/robot_description/share/robot_description/hook/pythonpath_develop.ps1'
[5.452s] INFO:colcon.colcon_core.shell:Creating environment descriptor '/home/jazib-manzoor/ros2_ws/build/robot_description/share/robot_description/hook/pythonpath_develop.dsv'
[5.452s] DEBUG:colcon.colcon_core.event_handler.log_command:Invoked command in '/home/jazib-manzoor/ros2_ws/build/robot_description' returned '0': DEBUGINFOD_URLS=https://debuginfod.ubuntu.com PYTHONPATH=/home/jazib-manzoor/ros2_ws/build/robot_description/prefix_override:/usr/lib/python3/dist-packages/colcon_core/task/python/colcon_distutils_commands:/home/jazib-manzoor/ros2_ws/install/robot_description/lib/python3.12/site-packages:${PYTHONPATH} /usr/bin/python3 -W ignore:setup.py install is deprecated -W ignore:easy_install command is deprecated setup.py develop --editable --build-directory /home/jazib-manzoor/ros2_ws/build/robot_description/build --no-deps symlink_data
[5.453s] INFO:colcon.colcon_core.shell:Creating environment hook '/home/jazib-manzoor/ros2_ws/build/robot_description/share/robot_description/hook/pythonpath_develop.sh'
[5.454s] Level 1:colcon.colcon_core.environment:checking '/home/jazib-manzoor/ros2_ws/install/robot_description' for CMake module files
[5.455s] Level 1:colcon.colcon_core.environment:checking '/home/jazib-manzoor/ros2_ws/install/robot_description' for CMake config files
[5.457s] Level 1:colcon.colcon_core.environment:checking '/home/jazib-manzoor/ros2_ws/install/robot_description/lib'
[5.457s] Level 1:colcon.colcon_core.environment:checking '/home/jazib-manzoor/ros2_ws/install/robot_description/bin'
[5.457s] Level 1:colcon.colcon_core.environment:checking '/home/jazib-manzoor/ros2_ws/install/robot_description/lib/pkgconfig/robot_description.pc'
[5.458s] Level 1:colcon.colcon_core.environment:checking '/home/jazib-manzoor/ros2_ws/install/robot_description/lib/python3.12/site-packages'
[5.458s] Level 1:colcon.colcon_core.shell:create_environment_hook('robot_description', 'pythonpath')
[5.458s] INFO:colcon.colcon_core.shell:Creating environment hook '/home/jazib-manzoor/ros2_ws/install/robot_description/share/robot_description/hook/pythonpath.ps1'
[5.459s] INFO:colcon.colcon_core.shell:Creating environment descriptor '/home/jazib-manzoor/ros2_ws/install/robot_description/share/robot_description/hook/pythonpath.dsv'
[5.460s] INFO:colcon.colcon_core.shell:Creating environment hook '/home/jazib-manzoor/ros2_ws/install/robot_description/share/robot_description/hook/pythonpath.sh'
[5.461s] Level 1:colcon.colcon_core.environment:checking '/home/jazib-manzoor/ros2_ws/install/robot_description/bin'
[5.461s] Level 1:colcon.colcon_core.environment:create_environment_scripts_only(robot_description)
[5.461s] INFO:colcon.colcon_core.shell:Creating package script '/home/jazib-manzoor/ros2_ws/install/robot_description/share/robot_description/package.ps1'
[5.463s] INFO:colcon.colcon_core.shell:Creating package descriptor '/home/jazib-manzoor/ros2_ws/install/robot_description/share/robot_description/package.dsv'
[5.464s] INFO:colcon.colcon_core.shell:Creating package script '/home/jazib-manzoor/ros2_ws/install/robot_description/share/robot_description/package.sh'
[5.465s] INFO:colcon.colcon_core.shell:Creating package script '/home/jazib-manzoor/ros2_ws/install/robot_description/share/robot_description/package.bash'
[5.465s] INFO:colcon.colcon_core.shell:Creating package script '/home/jazib-manzoor/ros2_ws/install/robot_description/share/robot_description/package.zsh'
[5.466s] Level 1:colcon.colcon_core.environment:create_file_with_runtime_dependencies(/home/jazib-manzoor/ros2_ws/install/robot_description/share/colcon-core/packages/robot_description)
[5.700s] Level 1:colcon.colcon_core.shell:create_environment_hook('my_first_robot', 'pythonpath_develop')
[5.701s] INFO:colcon.colcon_core.shell:Creating environment hook '/home/jazib-manzoor/ros2_ws/build/my_first_robot/share/my_first_robot/hook/pythonpath_develop.ps1'
[5.702s] DEBUG:colcon.colcon_core.event_handler.log_command:Invoked command in '/home/jazib-manzoor/ros2_ws/build/my_first_robot' returned '0': DEBUGINFOD_URLS=https://debuginfod.ubuntu.com PYTHONPATH=/home/jazib-manzoor/ros2_ws/build/my_first_robot/prefix_override:/usr/lib/python3/dist-packages/colcon_core/task/python/colcon_distutils_commands:/home/jazib-manzoor/ros2_ws/install/my_first_robot/lib/python3.12/site-packages:/home/jazib-manzoor/ros2_ws/install/my_robot_interfaces/lib/python3.12/site-packages:/home/jazib-manzoor/ros2_ws/build/tf2_learning:/home/jazib-manzoor/ros2_ws/install/tf2_learning/lib/python3.12/site-packages:/home/jazib-manzoor/ros2_ws/build/robot_description:/home/jazib-manzoor/ros2_ws/install/robot_description/lib/python3.12/site-packages:/home/jazib-manzoor/ros2_ws/build/my_first_robot:/home/jazib-manzoor/ros2_ws/install/my_first_robot/lib/python3.12/site-packages:/home/jazib-manzoor/ros2_ws/build/cmd_vel_bridge:/home/jazib-manzoor/ros2_ws/install/cmd_vel_bridge/lib/python3.12/site-packages:/home/jazib-manzoor/ros2_ws/build/ble_localization:/home/jazib-manzoor/ros2_ws/install/ble_localization/lib/python3.12/site-packages:/opt/ros/jazzy/lib/python3.12/site-packages /usr/bin/python3 -W ignore:setup.py install is deprecated -W ignore:easy_install command is deprecated setup.py develop --editable --build-directory /home/jazib-manzoor/ros2_ws/build/my_first_robot/build --no-deps symlink_data
[5.703s] INFO:colcon.colcon_core.shell:Creating environment descriptor '/home/jazib-manzoor/ros2_ws/build/my_first_robot/share/my_first_robot/hook/pythonpath_develop.dsv'
[5.703s] INFO:colcon.colcon_core.shell:Creating environment hook '/home/jazib-manzoor/ros2_ws/build/my_first_robot/share/my_first_robot/hook/pythonpath_develop.sh'
[5.704s] Level 1:colcon.colcon_core.environment:checking '/home/jazib-manzoor/ros2_ws/install/my_first_robot' for CMake module files
[5.705s] Level 1:colcon.colcon_core.environment:checking '/home/jazib-manzoor/ros2_ws/install/my_first_robot' for CMake config files
[5.706s] Level 1:colcon.colcon_core.environment:checking '/home/jazib-manzoor/ros2_ws/install/my_first_robot/lib'
[5.706s] Level 1:colcon.colcon_core.environment:checking '/home/jazib-manzoor/ros2_ws/install/my_first_robot/bin'
[5.706s] Level 1:colcon.colcon_core.environment:checking '/home/jazib-manzoor/ros2_ws/install/my_first_robot/lib/pkgconfig/my_first_robot.pc'
[5.706s] Level 1:colcon.colcon_core.environment:checking '/home/jazib-manzoor/ros2_ws/install/my_first_robot/lib/python3.12/site-packages'
[5.707s] Level 1:colcon.colcon_core.shell:create_environment_hook('my_first_robot', 'pythonpath')
[5.707s] INFO:colcon.colcon_core.shell:Creating environment hook '/home/jazib-manzoor/ros2_ws/install/my_first_robot/share/my_first_robot/hook/pythonpath.ps1'
[5.708s] INFO:colcon.colcon_core.shell:Creating environment descriptor '/home/jazib-manzoor/ros2_ws/install/my_first_robot/share/my_first_robot/hook/pythonpath.dsv'
[5.708s] INFO:colcon.colcon_core.shell:Creating environment hook '/home/jazib-manzoor/ros2_ws/install/my_first_robot/share/my_first_robot/hook/pythonpath.sh'
[5.709s] Level 1:colcon.colcon_core.environment:checking '/home/jazib-manzoor/ros2_ws/install/my_first_robot/bin'
[5.709s] Level 1:colcon.colcon_core.environment:create_environment_scripts_only(my_first_robot)
[5.710s] INFO:colcon.colcon_core.shell:Creating package script '/home/jazib-manzoor/ros2_ws/install/my_first_robot/share/my_first_robot/package.ps1'
[5.711s] INFO:colcon.colcon_core.shell:Creating package descriptor '/home/jazib-manzoor/ros2_ws/install/my_first_robot/share/my_first_robot/package.dsv'
[5.712s] INFO:colcon.colcon_core.shell:Creating package script '/home/jazib-manzoor/ros2_ws/install/my_first_robot/share/my_first_robot/package.sh'
[5.712s] INFO:colcon.colcon_core.shell:Creating package script '/home/jazib-manzoor/ros2_ws/install/my_first_robot/share/my_first_robot/package.bash'
[5.713s] INFO:colcon.colcon_core.shell:Creating package script '/home/jazib-manzoor/ros2_ws/install/my_first_robot/share/my_first_robot/package.zsh'
[5.714s] Level 1:colcon.colcon_core.environment:create_file_with_runtime_dependencies(/home/jazib-manzoor/ros2_ws/install/my_first_robot/share/colcon-core/packages/my_first_robot)
[5.714s] DEBUG:colcon.colcon_parallel_executor.executor.parallel:closing loop
[5.715s] DEBUG:colcon.colcon_parallel_executor.executor.parallel:loop closed
[5.715s] DEBUG:colcon.colcon_parallel_executor.executor.parallel:run_until_complete finished with '0'
[5.715s] DEBUG:colcon.colcon_core.event_reactor:joining thread
[5.729s] INFO:colcon.colcon_core.plugin_system:Skipping extension 'colcon_notification.desktop_notification.terminal_notifier': Not used on non-Darwin systems
[5.729s] INFO:colcon.colcon_core.plugin_system:Skipping extension 'colcon_notification.desktop_notification.win32': Not used on non-Windows systems
[5.729s] INFO:colcon.colcon_notification.desktop_notification:Sending desktop notification using 'notify2'
[5.759s] DEBUG:colcon.colcon_core.event_reactor:joined thread
[5.759s] INFO:colcon.colcon_core.shell:Creating prefix script '/home/jazib-manzoor/ros2_ws/install/local_setup.ps1'
[5.761s] INFO:colcon.colcon_core.shell:Creating prefix util module '/home/jazib-manzoor/ros2_ws/install/_local_setup_util_ps1.py'
[5.763s] INFO:colcon.colcon_core.shell:Creating prefix chain script '/home/jazib-manzoor/ros2_ws/install/setup.ps1'
[5.766s] INFO:colcon.colcon_core.shell:Creating prefix script '/home/jazib-manzoor/ros2_ws/install/local_setup.sh'
[5.767s] INFO:colcon.colcon_core.shell:Creating prefix util module '/home/jazib-manzoor/ros2_ws/install/_local_setup_util_sh.py'
[5.768s] INFO:colcon.colcon_core.shell:Creating prefix chain script '/home/jazib-manzoor/ros2_ws/install/setup.sh'
[5.770s] INFO:colcon.colcon_core.shell:Creating prefix script '/home/jazib-manzoor/ros2_ws/install/local_setup.bash'
[5.771s] INFO:colcon.colcon_core.shell:Creating prefix chain script '/home/jazib-manzoor/ros2_ws/install/setup.bash'
[5.774s] INFO:colcon.colcon_core.shell:Creating prefix script '/home/jazib-manzoor/ros2_ws/install/local_setup.zsh'
[5.775s] INFO:colcon.colcon_core.shell:Creating prefix chain script '/home/jazib-manzoor/ros2_ws/install/setup.zsh'
